Component: ARM Compiler 5.06 update 4 (build 422) Tool: armlink [4d35d2]

==============================================================================

Section Cross References

    main.o(i.SystemClock_Config) refers to stm32l4xx_hal_rcc.o(i.HAL_RCC_OscConfig) for HAL_RCC_OscConfig
    main.o(i.SystemClock_Config) refers to stm32l4xx_hal_rcc.o(i.HAL_RCC_ClockConfig) for HAL_RCC_ClockConfig
    main.o(i.main) refers to stm32l4xx_hal.o(i.HAL_Init) for HAL_Init
    main.o(i.main) refers to main.o(i.SystemClock_Config) for SystemClock_Config
    main.o(i.main) refers to usart_1.o(i.usart1_init) for usart1_init
    main.o(i.main) refers to devicemanager.o(i.deviceManager_init) for deviceManager_init
    main.o(i.main) refers to driver.o(i.driver_service_create) for driver_service_create
    main.o(i.main) refers to app.o(i.app_controll_create) for app_controll_create
    main.o(i.main) refers to noretval__2printf.o(.text) for __2printf
    main.o(i.main) refers to sleep.o(i.delay_s) for delay_s
    main.o(i.main) refers to tasks.o(i.vTaskStartScheduler) for vTaskStartScheduler
    system_stm32l4xx.o(i.SystemCoreClockUpdate) refers to system_stm32l4xx.o(.constdata) for MSIRangeTable
    system_stm32l4xx.o(i.SystemCoreClockUpdate) refers to system_stm32l4xx.o(.data) for SystemCoreClock
    startup_stm32l431xx.o(STACK) refers (Special) to heapauxi.o(.text) for __use_two_region_memory
    startup_stm32l431xx.o(HEAP) refers (Special) to heapauxi.o(.text) for __use_two_region_memory
    startup_stm32l431xx.o(RESET) refers (Special) to heapauxi.o(.text) for __use_two_region_memory
    startup_stm32l431xx.o(RESET) refers to startup_stm32l431xx.o(STACK) for __initial_sp
    startup_stm32l431xx.o(RESET) refers to startup_stm32l431xx.o(.text) for Reset_Handler
    startup_stm32l431xx.o(RESET) refers to stm32l4xx_it.o(i.NMI_Handler) for NMI_Handler
    startup_stm32l431xx.o(RESET) refers to stm32l4xx_it.o(i.HardFault_Handler) for HardFault_Handler
    startup_stm32l431xx.o(RESET) refers to stm32l4xx_it.o(i.MemManage_Handler) for MemManage_Handler
    startup_stm32l431xx.o(RESET) refers to stm32l4xx_it.o(i.BusFault_Handler) for BusFault_Handler
    startup_stm32l431xx.o(RESET) refers to stm32l4xx_it.o(i.UsageFault_Handler) for UsageFault_Handler
    startup_stm32l431xx.o(RESET) refers to port.o(.emb_text) for SVC_Handler
    startup_stm32l431xx.o(RESET) refers to stm32l4xx_it.o(i.DebugMon_Handler) for DebugMon_Handler
    startup_stm32l431xx.o(RESET) refers to port.o(i.SysTick_Handler) for SysTick_Handler
    startup_stm32l431xx.o(RESET) refers to stm32l4xx_hal_timebase_tim_template.o(i.TIM6_DAC_IRQHandler) for TIM6_DAC_IRQHandler
    startup_stm32l431xx.o(.text) refers (Special) to heapauxi.o(.text) for __use_two_region_memory
    startup_stm32l431xx.o(.text) refers to system_stm32l4xx.o(i.SystemInit) for SystemInit
    startup_stm32l431xx.o(.text) refers to __main.o(!!!main) for __main
    startup_stm32l431xx.o(.text) refers to startup_stm32l431xx.o(HEAP) for Heap_Mem
    startup_stm32l431xx.o(.text) refers to startup_stm32l431xx.o(STACK) for Stack_Mem
    stm32l4xx_hal.o(i.HAL_DeInit) refers to stm32l4xx_hal_msp.o(i.HAL_MspDeInit) for HAL_MspDeInit
    stm32l4xx_hal.o(i.HAL_Delay) refers to stm32l4xx_hal.o(i.HAL_GetTick) for HAL_GetTick
    stm32l4xx_hal.o(i.HAL_GetTick) refers to stm32l4xx_hal.o(.data) for uwTick
    stm32l4xx_hal.o(i.HAL_IncTick) refers to stm32l4xx_hal.o(.data) for uwTick
    stm32l4xx_hal.o(i.HAL_Init) refers to stm32l4xx_hal_cortex.o(i.HAL_NVIC_SetPriorityGrouping) for HAL_NVIC_SetPriorityGrouping
    stm32l4xx_hal.o(i.HAL_Init) refers to stm32l4xx_hal_timebase_tim_template.o(i.HAL_InitTick) for HAL_InitTick
    stm32l4xx_hal.o(i.HAL_Init) refers to stm32l4xx_hal_msp.o(i.HAL_MspInit) for HAL_MspInit
    stm32l4xx_hal.o(i.HAL_InitTick) refers to stm32l4xx_hal_cortex.o(i.HAL_SYSTICK_Config) for HAL_SYSTICK_Config
    stm32l4xx_hal.o(i.HAL_InitTick) refers to stm32l4xx_hal_cortex.o(i.HAL_NVIC_SetPriority) for HAL_NVIC_SetPriority
    stm32l4xx_hal.o(i.HAL_InitTick) refers to system_stm32l4xx.o(.data) for SystemCoreClock
    stm32l4xx_hal.o(i.HAL_SYSCFG_EnableVREFBUF) refers to stm32l4xx_hal.o(i.HAL_GetTick) for HAL_GetTick
    stm32l4xx_hal_adc.o(i.ADC_ConversionStop) refers to stm32l4xx_hal_adc.o(i.LL_ADC_REG_IsConversionOngoing) for LL_ADC_REG_IsConversionOngoing
    stm32l4xx_hal_adc.o(i.ADC_ConversionStop) refers to stm32l4xx_hal_adc.o(i.LL_ADC_INJ_IsConversionOngoing) for LL_ADC_INJ_IsConversionOngoing
    stm32l4xx_hal_adc.o(i.ADC_ConversionStop) refers to stm32l4xx_hal_adc.o(i.LL_ADC_IsDisableOngoing) for LL_ADC_IsDisableOngoing
    stm32l4xx_hal_adc.o(i.ADC_ConversionStop) refers to stm32l4xx_hal.o(i.HAL_GetTick) for HAL_GetTick
    stm32l4xx_hal_adc.o(i.ADC_DMAConvCplt) refers to stm32l4xx_hal_adc.o(i.LL_ADC_REG_IsTriggerSourceSWStart) for LL_ADC_REG_IsTriggerSourceSWStart
[...]
    .ARM.Collect$$libinit$$00000001          0x0800020c   Section        4  libinit2.o(.ARM.Collect$$libinit$$00000001)
    .ARM.Collect$$libinit$$00000004          0x08000210   Section        0  libinit2.o(.ARM.Collect$$libinit$$00000004)
    .ARM.Collect$$libinit$$00000005          0x08000210   Section        8  libinit2.o(.ARM.Collect$$libinit$$00000005)
    .ARM.Collect$$libinit$$0000000A          0x08000218   Section        0  libinit2.o(.ARM.Collect$$libinit$$0000000A)
    .ARM.Collect$$libinit$$0000000C          0x08000218   Section        0  libinit2.o(.ARM.Collect$$libinit$$0000000C)
    .ARM.Collect$$libinit$$0000000E          0x08000218   Section        0  libinit2.o(.ARM.Collect$$libinit$$0000000E)
    .ARM.Collect$$libinit$$00000011          0x08000218   Section        0  libinit2.o(.ARM.Collect$$libinit$$00000011)
    .ARM.Collect$$libinit$$00000013          0x08000218   Section        0  libinit2.o(.ARM.Collect$$libinit$$00000013)
    .ARM.Collect$$libinit$$00000015          0x08000218   Section        0  libinit2.o(.ARM.Collect$$libinit$$00000015)
    .ARM.Collect$$libinit$$00000017          0x08000218   Section        0  libinit2.o(.ARM.Collect$$libinit$$00000017)
    .ARM.Collect$$libinit$$00000019          0x08000218   Section        0  libinit2.o(.ARM.Collect$$libinit$$00000019)
    .ARM.Collect$$libinit$$0000001B          0x08000218   Section        0  libinit2.o(.ARM.Collect$$libinit$$0000001B)
    .ARM.Collect$$libinit$$0000001D          0x08000218   Section        0  libinit2.o(.ARM.Collect$$libinit$$0000001D)
    .ARM.Collect$$libinit$$0000001F          0x08000218   Section        0  libinit2.o(.ARM.Collect$$libinit$$0000001F)
    .ARM.Collect$$libinit$$00000021          0x08000218   Section        0  libinit2.o(.ARM.Collect$$libinit$$00000021)
    .ARM.Collect$$libinit$$00000023          0x08000218   Section        0  libinit2.o(.ARM.Collect$$libinit$$00000023)
    .ARM.Collect$$libinit$$00000025          0x08000218   Section        0  libinit2.o(.ARM.Collect$$libinit$$00000025)
    .ARM.Collect$$libinit$$0000002C          0x08000218   Section        0  libinit2.o(.ARM.Collect$$libinit$$0000002C)
    .ARM.Collect$$libinit$$0000002E          0x08000218   Section        0  libinit2.o(.ARM.Collect$$libinit$$0000002E)
    .ARM.Collect$$libinit$$00000030          0x08000218   Section        0  libinit2.o(.ARM.Collect$$libinit$$00000030)
    .ARM.Collect$$libinit$$00000032          0x08000218   Section        0  libinit2.o(.ARM.Collect$$libinit$$00000032)
    .ARM.Collect$$libinit$$00000033          0x08000218   Section        2  libinit2.o(.ARM.Collect$$libinit$$00000033)
    .ARM.Collect$$libshutdown$$00000000      0x0800021a   Section        2  libshutdown.o(.ARM.Collect$$libshutdown$$00000000)
    .ARM.Collect$$libshutdown$$00000002      0x0800021c   Section        0  libshutdown2.o(.ARM.Collect$$libshutdown$$00000002)
    .ARM.Collect$$libshutdown$$00000004      0x0800021c   Section        0  libshutdown2.o(.ARM.Collect$$libshutdown$$00000004)
    .ARM.Collect$$libshutdown$$00000007      0x0800021c   Section        0  libshutdown2.o(.ARM.Collect$$libshutdown$$00000007)
    .ARM.Collect$$libshutdown$$0000000A      0x0800021c   Section        0  libshutdown2.o(.ARM.Collect$$libshutdown$$0000000A)
    .ARM.Collect$$libshutdown$$0000000C      0x0800021c   Section        0  libshutdown2.o(.ARM.Collect$$libshutdown$$0000000C)
    .ARM.Collect$$libshutdown$$0000000F      0x0800021c   Section        0  libshutdown2.o(.ARM.Collect$$libshutdown$$0000000F)
    .ARM.Collect$$libshutdown$$00000010      0x0800021c   Section        2  libshutdown2.o(.ARM.Collect$$libshutdown$$00000010)
    .ARM.Collect$$rtentry$$00000000          0x0800021e   Section        0  __rtentry.o(.ARM.Collect$$rtentry$$00000000)
    .ARM.Collect$$rtentry$$00000002          0x0800021e   Section        0  __rtentry2.o(.ARM.Collect$$rtentry$$00000002)
    .ARM.Collect$$rtentry$$00000004          0x0800021e   Section        6  __rtentry4.o(.ARM.Collect$$rtentry$$00000004)
    .ARM.Collect$$rtentry$$00000009          0x08000224   Section        0  __rtentry2.o(.ARM.Collect$$rtentry$$00000009)
    .ARM.Collect$$rtentry$$0000000A          0x08000224   Section        4  __rtentry2.o(.ARM.Collect$$rtentry$$0000000A)
    .ARM.Collect$$rtentry$$0000000C          0x08000228   Section        0  __rtentry2.o(.ARM.Collect$$rtentry$$0000000C)
    .ARM.Collect$$rtentry$$0000000D          0x08000228   Section        8  __rtentry2.o(.ARM.Collect$$rtentry$$0000000D)
    .ARM.Collect$$rtexit$$00000000           0x08000230   Section        2  rtexit.o(.ARM.Collect$$rtexit$$00000000)
    .ARM.Collect$$rtexit$$00000002           0x08000232   Section        0  rtexit2.o(.ARM.Collect$$rtexit$$00000002)
    .ARM.Collect$$rtexit$$00000003           0x08000232   Section        4  rtexit2.o(.ARM.Collect$$rtexit$$00000003)
    .ARM.Collect$$rtexit$$00000004           0x08000236   Section        6  rtexit2.o(.ARM.Collect$$rtexit$$00000004)
    .emb_text                                0x0800023c   Section      182  port.o(.emb_text)
    $v0                                      0x0800023c   Number         0  port.o(.emb_text)
    .emb_text                                0x08000314   Section        0  maybetermalloc1.o(.emb_text)
    .text                                    0x08000314   Section       64  startup_stm32l431xx.o(.text)
    $v0                                      0x08000314   Number         0  startup_stm32l431xx.o(.text)
    .text                                    0x08000354   Section        0  calloc.o(.text)
    .text                                    0x0800037c   Section      238  lludivv7m.o(.text)
    .text                                    0x0800046c   Section        0  noretval__2printf.o(.text)
    .text                                    0x08000484   Section        0  __printf.o(.text)
    .text                                    0x080004ec   Section        0  _printf_dec.o(.text)
    .text                                    0x08000564   Section      138  rt_memcpy_v6.o(.text)
    .text                                    0x080005ee   Section       16  aeabi_memset.o(.text)
    .text                                    0x080005fe   Section        0  heapauxi.o(.text)
    .text                                    0x08000604   Section        0  h1_alloc.o(.text)
    .text                                    0x08000662   Section        0  _printf_intcommon.o(.text)
    .text                                    0x08000714   Section        0  _printf_char_file.o(.text)
    .text                                    0x08000738   Section      100  rt_memcpy_w.o(.text)
    .text                                    0x0800079c   Section       68  rt_memclr.o(.text)
    .text                                    0x080007e0   Section        8  rt_heap_descriptor_intlibspace.o(.text)
    .text                                    0x080007e8   Section        0  hguard.o(.text)
    .text                                    0x080007ec   Section        0  init_alloc.o(.text)
    .text                                    0x08000876   Section        0  h1_init.o(.text)
    .text                                    0x08000884   Section        0  h1_free.o(.text)
    .text                                    0x080008d4   Section        0  _printf_char_common.o(.text)
    _printf_input_char                       0x080008d5   Thumb Code    10  _printf_char_common.o(.text)
    .text                                    0x08000904   Section        0  ferror.o(.text)
    .text                                    0x0800090c   Section       78  rt_memclr_w.o(.text)
    .text                                    0x0800095c   Section        8  libspace.o(.text)
    .text                                    0x08000964   Section       74  sys_stackheap_outer.o(.text)
    .text                                    0x080009ae   Section        0  h1_extend.o(.text)
    .text                                    0x080009e2   Section        0  exit.o(.text)
    .text                                    0x080009f4   Section        0  defsig_rtmem_outer.o(.text)
    .text                                    0x08000a02   Section        2  use_no_semi.o(.text)
    .text                                    0x08000a04   Section        0  indicate_semi.o(.text)
    .text                                    0x08000a04   Section        0  defsig_exit.o(.text)
    .text                                    0x08000a10   Section        0  defsig_rtmem_inner.o(.text)
    .text                                    0x08000a60   Section        0  defsig_general.o(.text)
    .text                                    0x08000a92   Section        0  sys_wrch.o(.text)
    i.BusFault_Handler                       0x08000aa0   Section        0  stm32l4xx_it.o(i.BusFault_Handler)
    i.DebugMon_Handler                       0x08000aa4   Section        0  stm32l4xx_it.o(i.DebugMon_Handler)
    i.HAL_GPIO_Init                          0x08000aa8   Section        0  stm32l4xx_hal_gpio.o(i.HAL_GPIO_Init)
    i.HAL_GetTick                            0x08000c70   Section        0  stm32l4xx_hal.o(i.HAL_GetTick)
    i.HAL_IncTick                            0x08000c7c   Section        0  stm32l4xx_hal.o(i.HAL_IncTick)
    i.HAL_Init                               0x08000c8c   Section        0  stm32l4xx_hal.o(i.HAL_Init)
    i.HAL_InitTick                           0x08000cac   Section        0  stm32l4xx_hal_timebase_tim_template.o(i.HAL_InitTick)
    i.HAL_MspInit                            0x08000d40   Section        0  stm32l4xx_hal_msp.o(i.HAL_MspInit)
    i.HAL_NVIC_EnableIRQ                     0x08000d42   Section        0  stm32l4xx_hal_cortex.o(i.HAL_NVIC_EnableIRQ)
    i.HAL_NVIC_SetPriority                   0x08000d5c   Section        0  stm32l4xx_hal_cortex.o(i.HAL_NVIC_SetPriority)
    i.HAL_NVIC_SetPriorityGrouping           0x08000de0   Section        0  stm32l4xx_hal_cortex.o(i.HAL_NVIC_SetPriorityGrouping)
    i.HAL_PWREx_GetVoltageRange              0x08000e08   Section        0  stm32l4xx_hal_pwr_ex.o(i.HAL_PWREx_GetVoltageRange)
    i.HAL_RCC_ClockConfig                    0x08000e18   Section        0  stm32l4xx_hal_rcc.o(i.HAL_RCC_ClockConfig)
    i.HAL_RCC_GetClockConfig                 0x08000f90   Section        0  stm32l4xx_hal_rcc.o(i.HAL_RCC_GetClockConfig)
    i.HAL_RCC_GetHCLKFreq                    0x08000fd4   Section        0  stm32l4xx_hal_rcc.o(i.HAL_RCC_GetHCLKFreq)
    i.HAL_RCC_GetPCLK1Freq                   0x08000fe0   Section        0  stm32l4xx_hal_rcc.o(i.HAL_RCC_GetPCLK1Freq)
    i.HAL_RCC_GetPCLK2Freq                   0x08001004   Section        0  stm32l4xx_hal_rcc.o(i.HAL_RCC_GetPCLK2Freq)
    i.HAL_RCC_GetSysClockFreq                0x08001028   Section        0  stm32l4xx_hal_rcc.o(i.HAL_RCC_GetSysClockFreq)
    i.HAL_RCC_OscConfig                      0x08001144   Section        0  stm32l4xx_hal_rcc.o(i.HAL_RCC_OscConfig)
    i.HAL_TIMEx_Break2Callback               0x080017cc   Section        0  stm32l4xx_hal_tim_ex.o(i.HAL_TIMEx_Break2Callback)
    i.HAL_TIMEx_BreakCallback                0x080017ce   Section        0  stm32l4xx_hal_tim_ex.o(i.HAL_TIMEx_BreakCallback)
    i.HAL_TIMEx_CommutationCallback          0x080017d0   Section        0  stm32l4xx_hal_tim_ex.o(i.HAL_TIMEx_CommutationCallback)
    i.HAL_TIM_Base_Init                      0x080017d2   Section        0  stm32l4xx_hal_tim.o(i.HAL_TIM_Base_Init)
    i.HAL_TIM_Base_MspInit                   0x08001806   Section        0  stm32l4xx_hal_tim.o(i.HAL_TIM_Base_MspInit)
    i.HAL_TIM_Base_Start_IT                  0x08001808   Section        0  stm32l4xx_hal_tim.o(i.HAL_TIM_Base_Start_IT)
    i.HAL_TIM_IC_CaptureCallback             0x0800184c   Section        0  stm32l4xx_hal_tim.o(i.HAL_TIM_IC_CaptureCallback)
    i.HAL_TIM_IRQHandler                     0x0800184e   Section        0  stm32l4xx_hal_tim.o(i.HAL_TIM_IRQHandler)
    i.HAL_TIM_OC_DelayElapsedCallback        0x08001a06   Section        0  stm32l4xx_hal_tim.o(i.HAL_TIM_OC_DelayElapsedCallback)
    i.HAL_TIM_PWM_PulseFinishedCallback      0x08001a08   Section        0  stm32l4xx_hal_tim.o(i.HAL_TIM_PWM_PulseFinishedCallback)
    i.HAL_TIM_PeriodElapsedCallback          0x08001a0a   Section        0  stm32l4xx_hal_timebase_tim_template.o(i.HAL_TIM_PeriodElapsedCallback)
    i.HAL_TIM_TriggerCallback                0x08001a14   Section        0  stm32l4xx_hal_tim.o(i.HAL_TIM_TriggerCallback)
    i.HAL_UART_Init                          0x08001a16   Section        0  stm32l4xx_hal_uart.o(i.HAL_UART_Init)
    i.HAL_UART_MspInit                       0x08001a90   Section        0  usart_1.o(i.HAL_UART_MspInit)
    i.HardFault_Handler                      0x08001b0c   Section        0  stm32l4xx_it.o(i.HardFault_Handler)
    i.MemManage_Handler                      0x08001b10   Section        0  stm32l4xx_it.o(i.MemManage_Handler)
    i.NMI_Handler                            0x08001b14   Section        0  stm32l4xx_it.o(i.NMI_Handler)
    i.NVIC_GetPriorityGrouping               0x08001b18   Section        0  stm32l4xx_hal_cortex.o(i.NVIC_GetPriorityGrouping)
    NVIC_GetPriorityGrouping                 0x08001b19   Thumb Code    10  stm32l4xx_hal_cortex.o(i.NVIC_GetPriorityGrouping)
    i.NVIC_SetPriority                       0x08001b28   Section        0  stm32l4xx_hal_cortex.o(i.NVIC_SetPriority)
    NVIC_SetPriority                         0x08001b29   Thumb Code    32  stm32l4xx_hal_cortex.o(i.NVIC_SetPriority)
    i.RCC_SetFlashLatencyFromMSIRange        0x08001b50   Section        0  stm32l4xx_hal_rcc.o(i.RCC_SetFlashLatencyFromMSIRange)
    RCC_SetFlashLatencyFromMSIRange          0x08001b51   Thumb Code   148  stm32l4xx_hal_rcc.o(i.RCC_SetFlashLatencyFromMSIRange)
    i.SysTick_Handler                        0x08001bec   Section        0  port.o(i.SysTick_Handler)
    i.SystemClock_Config                     0x08001c20   Section        0  main.o(i.SystemClock_Config)
    SystemClock_Config                       0x08001c21   Thumb Code    92  main.o(i.SystemClock_Config)
    i.SystemInit                             0x08001c7c   Section        0  system_stm32l4xx.o(i.SystemInit)
    i.TIM6_DAC_IRQHandler                    0x08001ccc   Section        0  stm32l4xx_hal_timebase_tim_template.o(i.TIM6_DAC_IRQHandler)
    i.TIM_Base_SetConfig                     0x08001cdc   Section        0  stm32l4xx_hal_tim.o(i.TIM_Base_SetConfig)
    i.UART_AdvFeatureConfig                  0x08001d50   Section        0  stm32l4xx_hal_uart.o(i.UART_AdvFeatureConfig)
    i.UART_CheckIdleState                    0x08001e48   Section        0  stm32l4xx_hal_uart.o(i.UART_CheckIdleState)
    i.UART_SetConfig                         0x08001ebc   Section        0  stm32l4xx_hal_uart.o(i.UART_SetConfig)
    i.UART_WaitOnFlagUntilTimeout            0x080022ce   Section        0  stm32l4xx_hal_uart.o(i.UART_WaitOnFlagUntilTimeout)
    i.UsageFault_Handler                     0x0800233a   Section        0  stm32l4xx_it.o(i.UsageFault_Handler)
    i._sys_exit                              0x0800233e   Section        0  usart_1.o(i._sys_exit)
    i.addControll                            0x08002342   Section        0  devicemanager.o(i.addControll)
    addControll                              0x08002343   Thumb Code    26  devicemanager.o(i.addControll)
    i.addService                             0x0800235c   Section        0  devicemanager.o(i.addService)
    addService                               0x0800235d   Thumb Code    26  devicemanager.o(i.addService)
    i.app_controll_create                    0x08002378   Section        0  app.o(i.app_controll_create)
    i.controllActive                         0x08002398   Section        0  app.o(i.controllActive)
    controllActive                           0x08002399   Thumb Code    12  app.o(i.controllActive)
    i.controllActiveList                     0x080023c8   Section        0  devicemanager.o(i.controllActiveList)
    controllActiveList                       0x080023c9   Thumb Code    28  devicemanager.o(i.controllActiveList)
    i.controllDeactive                       0x080023e4   Section        0  app.o(i.controllDeactive)
    controllDeactive                         0x080023e5   Thumb Code    12  app.o(i.controllDeactive)
    i.controllDeactiveList                   0x08002414   Section        0  devicemanager.o(i.controllDeactiveList)
    controllDeactiveList                     0x08002415   Thumb Code    28  devicemanager.o(i.controllDeactiveList)
    i.delay_s                                0x08002430   Section        0  sleep.o(i.delay_s)
    i.deviceManager_init                     0x0800244c   Section        0  devicemanager.o(i.deviceManager_init)
    i.driver_service_active                  0x08002494   Section        0  driver.o(i.driver_service_active)
    driver_service_active                    0x08002495   Thumb Code    54  driver.o(i.driver_service_active)
    i.driver_service_create                  0x08002510   Section        0  driver.o(i.driver_service_create)
    i.driver_service_deactive                0x0800253c   Section        0  driver.o(i.driver_service_deactive)
    driver_service_deactive                  0x0800253d   Thumb Code    18  driver.o(i.driver_service_deactive)
    i.driver_service_notified                0x0800259c   Section        0  driver.o(i.driver_service_notified)
    driver_service_notified                  0x0800259d   Thumb Code    54  driver.o(i.driver_service_notified)
    i.fputc                                  0x080025d8   Section        0  usart_1.o(i.fputc)
    i.main                                   0x080025f8   Section        0  main.o(i.main)
    i.notifyService                          0x080026e4   Section        0  devicemanager.o(i.notifyService)
    i.prvAddCurrentTaskToDelayedList         0x08002720   Section        0  tasks.o(i.prvAddCurrentTaskToDelayedList)
    prvAddCurrentTaskToDelayedList           0x08002721   Thumb Code   124  tasks.o(i.prvAddCurrentTaskToDelayedList)
    i.prvAddNewTaskToReadyList               0x080027b8   Section        0  tasks.o(i.prvAddNewTaskToReadyList)
    prvAddNewTaskToReadyList                 0x080027b9   Thumb Code   156  tasks.o(i.prvAddNewTaskToReadyList)
    i.prvCheckTasksWaitingTermination        0x08002870   Section        0  tasks.o(i.prvCheckTasksWaitingTermination)
    prvCheckTasksWaitingTermination          0x08002871   Thumb Code    86  tasks.o(i.prvCheckTasksWaitingTermination)
    i.prvCopyDataFromQueue                   0x080028d4   Section        0  queue.o(i.prvCopyDataFromQueue)
    prvCopyDataFromQueue                     0x080028d5   Thumb Code    42  queue.o(i.prvCopyDataFromQueue)
    i.prvCopyDataToQueue                     0x080028fe   Section        0  queue.o(i.prvCopyDataToQueue)
    prvCopyDataToQueue                       0x080028ff   Thumb Code   124  queue.o(i.prvCopyDataToQueue)
    i.prvDeleteTCB                           0x0800297a   Section        0  tasks.o(i.prvDeleteTCB)
    prvDeleteTCB                             0x0800297b   Thumb Code    18  tasks.o(i.prvDeleteTCB)
    i.prvHeapInit                            0x0800298c   Section        0  heap_4.o(i.prvHeapInit)
    prvHeapInit                              0x0800298d   Thumb Code    98  heap_4.o(i.prvHeapInit)
    i.prvIdleTask                            0x08002a08   Section        0  tasks.o(i.prvIdleTask)
    prvIdleTask                              0x08002a09   Thumb Code    32  tasks.o(i.prvIdleTask)
    i.prvInitialiseNewQueue                  0x08002a30   Section        0  queue.o(i.prvInitialiseNewQueue)
    prvInitialiseNewQueue                    0x08002a31   Thumb Code    42  queue.o(i.prvInitialiseNewQueue)
    i.prvInitialiseNewTask                   0x08002a5a   Section        0  tasks.o(i.prvInitialiseNewTask)
    prvInitialiseNewTask                     0x08002a5b   Thumb Code   180  tasks.o(i.prvInitialiseNewTask)
    i.prvInitialiseTaskLists                 0x08002b14   Section        0  tasks.o(i.prvInitialiseTaskLists)
    prvInitialiseTaskLists                   0x08002b15   Thumb Code    70  tasks.o(i.prvInitialiseTaskLists)
    i.prvInsertBlockIntoFreeList             0x08002b7c   Section        0  heap_4.o(i.prvInsertBlockIntoFreeList)
    prvInsertBlockIntoFreeList               0x08002b7d   Thumb Code    96  heap_4.o(i.prvInsertBlockIntoFreeList)
    i.prvIsQueueEmpty                        0x08002be4   Section        0  queue.o(i.prvIsQueueEmpty)
    prvIsQueueEmpty                          0x08002be5   Thumb Code    26  queue.o(i.prvIsQueueEmpty)
    i.prvIsQueueFull                         0x08002bfe   Section        0  queue.o(i.prvIsQueueFull)
    prvIsQueueFull                           0x08002bff   Thumb Code    30  queue.o(i.prvIsQueueFull)
    i.prvResetNextTaskUnblockTime            0x08002c1c   Section        0  tasks.o(i.prvResetNextTaskUnblockTime)
    prvResetNextTaskUnblockTime              0x08002c1d   Thumb Code    42  tasks.o(i.prvResetNextTaskUnblockTime)
    i.prvTaskExitError                       0x08002c50   Section        0  port.o(i.prvTaskExitError)
    prvTaskExitError                         0x08002c51   Thumb Code    60  port.o(i.prvTaskExitError)
    i.prvUnlockQueue                         0x08002c90   Section        0  queue.o(i.prvUnlockQueue)
    prvUnlockQueue                           0x08002c91   Thumb Code   126  queue.o(i.prvUnlockQueue)
    i.pvPortMalloc                           0x08002d10   Section        0  heap_4.o(i.pvPortMalloc)
    i.pvTaskIncrementMutexHeldCount          0x08002e4c   Section        0  tasks.o(i.pvTaskIncrementMutexHeldCount)
    i.pxPortInitialiseStack                  0x08002e6c   Section        0  port.o(i.pxPortInitialiseStack)
    i.serviceActiveList                      0x08002e98   Section        0  devicemanager.o(i.serviceActiveList)
    serviceActiveList                        0x08002e99   Thumb Code    28  devicemanager.o(i.serviceActiveList)
    i.serviceDeactiveList                    0x08002eb4   Section        0  devicemanager.o(i.serviceDeactiveList)
    serviceDeactiveList                      0x08002eb5   Thumb Code    28  devicemanager.o(i.serviceDeactiveList)
    i.sleep                                  0x08002ed0   Section        0  sleep.o(i.sleep)
    sleep                                    0x08002ed1   Thumb Code    10  sleep.o(i.sleep)
    i.task_task                              0x08002edc   Section        0  driver.o(i.task_task)
    i.usart1_init                            0x08002f48   Section        0  usart_1.o(i.usart1_init)
    i.uxListRemove                           0x08002f74   Section        0  list.o(i.uxListRemove)
    i.vListInitialise                        0x08002f9c   Section        0  list.o(i.vListInitialise)
    i.vListInitialiseItem                    0x08002fb6   Section        0  list.o(i.vListInitialiseItem)
    i.vListInsert                            0x08002fbc   Section        0  list.o(i.vListInsert)
    i.vListInsertEnd                         0x08002ff0   Section        0  list.o(i.vListInsertEnd)
    i.vPortEnterCritical                     0x08003008   Section        0  port.o(i.vPortEnterCritical)
    i.vPortExitCritical                      0x0800305c   Section        0  port.o(i.vPortExitCritical)
    i.vPortFree                              0x08003098   Section        0  heap_4.o(i.vPortFree)
    i.vPortSetupTimerInterrupt               0x0800312c   Section        0  port.o(i.vPortSetupTimerInterrupt)
    i.vTaskDelay                             0x0800314c   Section        0  tasks.o(i.vTaskDelay)
    i.vTaskMissedYield                       0x080031a8   Section        0  tasks.o(i.vTaskMissedYield)
    i.vTaskPlaceOnEventList                  0x080031b4   Section        0  tasks.o(i.vTaskPlaceOnEventList)
    i.vTaskPriorityInherit                   0x080031ec   Section        0  tasks.o(i.vTaskPriorityInherit)
    i.vTaskSetTimeOutState                   0x0800329c   Section        0  tasks.o(i.vTaskSetTimeOutState)
    i.vTaskStartScheduler                    0x080032cc   Section        0  tasks.o(i.vTaskStartScheduler)
    i.vTaskSuspendAll                        0x08003354   Section        0  tasks.o(i.vTaskSuspendAll)
    i.vTaskSwitchContext                     0x08003364   Section        0  tasks.o(i.vTaskSwitchContext)
    i.xPortStartScheduler                    0x080033f0   Section        0  port.o(i.xPortStartScheduler)
    i.xQueueGenericCreate                    0x0800352c   Section        0  queue.o(i.xQueueGenericCreate)
    i.xQueueGenericReceive                   0x08003584   Section        0  queue.o(i.xQueueGenericReceive)
    i.xQueueGenericReset                     0x08003748   Section        0  queue.o(i.xQueueGenericReset)
    i.xQueueGenericSend                      0x080037e0   Section        0  queue.o(i.xQueueGenericSend)
    i.xTaskCheckForTimeOut                   0x08003988   Section        0  tasks.o(i.xTaskCheckForTimeOut)
    i.xTaskCreate                            0x08003a14   Section        0  tasks.o(i.xTaskCreate)
    i.xTaskGetSchedulerState                 0x08003a7c   Section        0  tasks.o(i.xTaskGetSchedulerState)
    i.xTaskIncrementTick                     0x08003a9c   Section        0  tasks.o(i.xTaskIncrementTick)
    i.xTaskPriorityDisinherit                0x08003be4   Section        0  tasks.o(i.xTaskPriorityDisinherit)
    i.xTaskRemoveFromEventList               0x08003cac   Section        0  tasks.o(i.xTaskRemoveFromEventList)
    i.xTaskResumeAll                         0x08003d44   Section        0  tasks.o(i.xTaskResumeAll)
    x$fpl$fpinit                             0x08003e48   Section       10  fpinit.o(x$fpl$fpinit)
    $v0                                      0x08003e48   Number         0  fpinit.o(x$fpl$fpinit)
    .constdata                               0x08003e54   Section       72  system_stm32l4xx.o(.constdata)
    .data                                    0x20000000   Section        4  system_stm32l4xx.o(.data)
    .data                                    0x20000004   Section        4  stm32l4xx_hal.o(.data)
    .data                                    0x20000008   Section        4  usart_1.o(.data)
    .data                                    0x2000000c   Section       60  tasks.o(.data)
    pxDelayedTaskList                        0x20000010   Data           4  tasks.o(.data)
    pxOverflowDelayedTaskList                0x20000014   Data           4  tasks.o(.data)
    uxDeletedTasksWaitingCleanUp             0x20000018   Data           4  tasks.o(.data)
    uxCurrentNumberOfTasks                   0x2000001c   Data           4  tasks.o(.data)
    xTickCount                               0x20000020   Data           4  tasks.o(.data)
    uxTopReadyPriority                       0x20000024   Data           4  tasks.o(.data)
    xSchedulerRunning                        0x20000028   Data           4  tasks.o(.data)
    uxPendedTicks                            0x2000002c   Data           4  tasks.o(.data)
    xYieldPending                            0x20000030   Data           4  tasks.o(.data)
    xNumOfOverflows                          0x20000034   Data           4  tasks.o(.data)
    uxTaskNumber                             0x20000038   Data           4  tasks.o(.data)
    xNextTaskUnblockTime                     0x2000003c   Data           4  tasks.o(.data)
    xIdleTaskHandle                          0x20000040   Data           4  tasks.o(.data)
    uxSchedulerSuspended                     0x20000044   Data           4  tasks.o(.data)
    .data                                    0x20000048   Section       24  heap_4.o(.data)
    xStart                                   0x20000048   Data           8  heap_4.o(.data)
    pxEnd                                    0x20000050   Data           4  heap_4.o(.data)
    xFreeBytesRemaining                      0x20000054   Data           4  heap_4.o(.data)
    xMinimumEverFreeBytesRemaining           0x20000058   Data           4  heap_4.o(.data)
    xBlockAllocatedBit                       0x2000005c   Data           4  heap_4.o(.data)
    .data                                    0x20000060   Section       12  port.o(.data)
    uxCriticalNesting                        0x20000060   Data           4  port.o(.data)
    ucMaxSysCallPriority                     0x20000064   Data           1  port.o(.data)
    ulMaxPRIGROUPValue                       0x20000068   Data           4  port.o(.data)
    .data                                    0x2000006c   Section        8  driver.o(.data)
    Task_Handler                             0x2000006c   Data           4  driver.o(.data)
    Message_Queue                            0x20000070   Data           4  driver.o(.data)
    .bss                                     0x20000074   Section       64  stm32l4xx_hal_timebase_tim_template.o(.bss)
    .bss                                     0x200000b4   Section      120  usart_1.o(.bss)
    UartHandle                               0x200000b4   Data         120  usart_1.o(.bss)
    .bss                                     0x2000012c   Section      240  tasks.o(.bss)
    pxReadyTasksLists                        0x2000012c   Data         140  tasks.o(.bss)
    xDelayedTaskList1                        0x200001b8   Data          20  tasks.o(.bss)
    xDelayedTaskList2                        0x200001cc   Data          20  tasks.o(.bss)
    xPendingReadyList                        0x200001e0   Data          20  tasks.o(.bss)
    xTasksWaitingTermination                 0x200001f4   Data          20  tasks.o(.bss)
    xSuspendedTaskList                       0x20000208   Data          20  tasks.o(.bss)
    .bss                                     0x2000021c   Section    15360  heap_4.o(.bss)
    ucHeap                                   0x2000021c   Data       15360  heap_4.o(.bss)
    .bss                                     0x20003e1c   Section       96  libspace.o(.bss)
    HEAP                                     0x20003e80   Section      512  startup_stm32l431xx.o(HEAP)
    Heap_Mem                                 0x20003e80   Data         512  startup_stm32l431xx.o(HEAP)
    STACK                                    0x20004080   Section     1024  startup_stm32l431xx.o(STACK)
    Stack_Mem                                0x20004080   Data        1024  startup_stm32l431xx.o(STACK)
    __initial_sp                             0x20004480   Data           0  startup_stm32l431xx.o(STACK)

    Global Symbols

    Symbol Name                              Value     Ov Type        Size  Object(Section)

    BuildAttributes$$THM_ISAv4$E$P$D$K$B$S$7EM$VFPi3$EXTD16$VFPS$VFMA$PE$A:L22UL41UL21$X:L11$S22US41US21$IEEE1$IW$USESV6$~STKCKD$USESV7$~SHL$OTIME$ROPI$EBA8$UX$STANDARDLIB$REQ8$PRES8$EABIv2 0x00000000   Number         0  anon$$obj.o ABSOLUTE
    __ARM_use_no_argv                        0x00000000   Number         0  main.o ABSOLUTE
    __ARM_exceptions_init                     - Undefined Weak Reference
    __alloca_initialize                       - Undefined Weak Reference
    __arm_preinit_                            - Undefined Weak Reference
    __cpp_initialize__aeabi_                  - Undefined Weak Reference
    __cxa_finalize                            - Undefined Weak Reference
    __rt_locale                               - Undefined Weak Reference
    __sigvec_lookup                           - Undefined Weak Reference
    __user_heap_extent                        - Undefined Weak Reference
    _atexit_init                              - Undefined Weak Reference
    _call_atexit_fns                          - Undefined Weak Reference
    _clock_init                               - Undefined Weak Reference
    _fp_trap_init                             - Undefined Weak Reference
    _fp_trap_shutdown                         - Undefined Weak Reference
    _get_lc_collate                           - Undefined Weak Reference
    _get_lc_ctype                             - Undefined Weak Reference
    _get_lc_monetary                          - Undefined Weak Reference
    _get_lc_numeric                           - Undefined Weak Reference
    _get_lc_time                              - Undefined Weak Reference
    _getenv_init                              - Undefined Weak Reference
    _handle_redirection                       - Undefined Weak Reference
    _initio                                   - Undefined Weak Reference
    _mutex_acquire                            - Undefined Weak Reference
    _mutex_free                               - Undefined Weak Reference
    _mutex_release                            - Undefined Weak Reference
    _printf_post_padding                      - Undefined Weak Reference
    _printf_pre_padding                       - Undefined Weak Reference
    _printf_truncate_signed                   - Undefined Weak Reference
    _printf_truncate_unsigned                 - Undefined Weak Reference
    _rand_init                                - Undefined Weak Reference
    _signal_finish                            - Undefined Weak Reference
    _signal_init                              - Undefined Weak Reference
    _terminateio                              - Undefined Weak Reference
    __Vectors_Size                           0x0000018c   Number         0  startup_stm32l431xx.o ABSOLUTE
    __Vectors                                0x08000000   Data           4  startup_stm32l431xx.o(RESET)
    __Vectors_End                            0x0800018c   Data           0  startup_stm32l431xx.o(RESET)
    __main                                   0x0800018d   Thumb Code     8  __main.o(!!!main)
    __scatterload                            0x08000195   Thumb Code     0  __scatter.o(!!!scatter)
    __scatterload_rt2                        0x08000195   Thumb Code    44  __scatter.o(!!!scatter)
    __scatterload_rt2_thumb_only             0x08000195   Thumb Code     0  __scatter.o(!!!scatter)
    __scatterload_null                       0x080001a3   Thumb Code     0  __scatter.o(!!!scatter)
    __scatterload_copy                       0x080001c9   Thumb Code    26  __scatter_copy.o(!!handler_copy)
    __scatterload_zeroinit                   0x080001e5   Thumb Code    28  __scatter_zi.o(!!handler_zi)
    _printf_d                                0x08000201   Thumb Code     0  _printf_d.o(.ARM.Collect$$_printf_percent$$00000009)
    _printf_percent                          0x08000201   Thumb Code     0  _printf_percent.o(.ARM.Collect$$_printf_percent$$00000000)
    _printf_percent_end                      0x08000207   Thumb Code     0  _printf_percent_end.o(.ARM.Collect$$_printf_percent$$00000017)
    __rt_lib_init                            0x0800020b   Thumb Code     0  libinit.o(.ARM.Collect$$libinit$$00000000)
    __rt_lib_init_fp_1                       0x0800020d   Thumb Code     0  libinit2.o(.ARM.Collect$$libinit$$00000001)
    __rt_lib_init_heap_2                     0x08000211   Thumb Code     0  libinit2.o(.ARM.Collect$$libinit$$00000005)
    __rt_lib_init_preinit_1                  0x08000211   Thumb Code     0  libinit2.o(.ARM.Collect$$libinit$$00000004)
    __rt_lib_init_alloca_1                   0x08000219   Thumb Code     0  libinit2.o(.ARM.Collect$$libinit$$0000002E)
    __rt_lib_init_argv_1                     0x08000219   Thumb Code     0  libinit2.o(.ARM.Collect$$libinit$$0000002C)
    __rt_lib_init_atexit_1                   0x08000219   Thumb Code     0  libinit2.o(.ARM.Collect$$libinit$$0000001B)
    __rt_lib_init_clock_1                    0x08000219   Thumb Code     0  libinit2.o(.ARM.Collect$$libinit$$00000021)
    __rt_lib_init_cpp_1                      0x08000219   Thumb Code     0  libinit2.o(.ARM.Collect$$libinit$$00000032)
    __rt_lib_init_exceptions_1               0x08000219   Thumb Code     0  libinit2.o(.ARM.Collect$$libinit$$00000030)
    __rt_lib_init_fp_trap_1                  0x08000219   Thumb Code     0  libinit2.o(.ARM.Collect$$libinit$$0000001F)
    __rt_lib_init_getenv_1                   0x08000219   Thumb Code     0  libinit2.o(.ARM.Collect$$libinit$$00000023)
    __rt_lib_init_heap_1                     0x08000219   Thumb Code     0  libinit2.o(.ARM.Collect$$libinit$$0000000A)
    __rt_lib_init_lc_collate_1               0x08000219   Thumb Code     0  libinit2.o(.ARM.Collect$$libinit$$00000011)
    __rt_lib_init_lc_ctype_1                 0x08000219   Thumb Code     0  libinit2.o(.ARM.Collect$$libinit$$00000013)
    __rt_lib_init_lc_monetary_1              0x08000219   Thumb Code     0  libinit2.o(.ARM.Collect$$libinit$$00000015)
    __rt_lib_init_lc_numeric_1               0x08000219   Thumb Code     0  libinit2.o(.ARM.Collect$$libinit$$00000017)
    __rt_lib_init_lc_time_1                  0x08000219   Thumb Code     0  libinit2.o(.ARM.Collect$$libinit$$00000019)
    __rt_lib_init_rand_1                     0x08000219   Thumb Code     0  libinit2.o(.ARM.Collect$$libinit$$0000000E)
    __rt_lib_init_return                     0x08000219   Thumb Code     0  libinit2.o(.ARM.Collect$$libinit$$00000033)
    __rt_lib_init_signal_1                   0x08000219   Thumb Code     0  libinit2.o(.ARM.Collect$$libinit$$0000001D)
    __rt_lib_init_stdio_1                    0x08000219   Thumb Code     0  libinit2.o(.ARM.Collect$$libinit$$00000025)
    __rt_lib_init_user_alloc_1               0x08000219   Thumb Code     0  libinit2.o(.ARM.Collect$$libinit$$0000000C)
    __rt_lib_shutdown                        0x0800021b   Thumb Code     0  libshutdown.o(.ARM.Collect$$libshutdown$$00000000)
    __rt_lib_shutdown_cpp_1                  0x0800021d   Thumb Code     0  libshutdown2.o(.ARM.Collect$$libshutdown$$00000002)
    __rt_lib_shutdown_fp_trap_1              0x0800021d   Thumb Code     0  libshutdown2.o(.ARM.Collect$$libshutdown$$00000007)
    __rt_lib_shutdown_heap_1                 0x0800021d   Thumb Code     0  libshutdown2.o(.ARM.Collect$$libshutdown$$0000000F)
    __rt_lib_shutdown_return                 0x0800021d   Thumb Code     0  libshutdown2.o(.ARM.Collect$$libshutdown$$00000010)
    __rt_lib_shutdown_signal_1               0x0800021d   Thumb Code     0  libshutdown2.o(.ARM.Collect$$libshutdown$$0000000A)
    __rt_lib_shutdown_stdio_1                0x0800021d   Thumb Code     0  libshutdown2.o(.ARM.Collect$$libshutdown$$00000004)
    __rt_lib_shutdown_user_alloc_1           0x0800021d   Thumb Code     0  libshutdown2.o(.ARM.Collect$$libshutdown$$0000000C)
    __rt_entry                               0x0800021f   Thumb Code     0  __rtentry.o(.ARM.Collect$$rtentry$$00000000)
    __rt_entry_presh_1                       0x0800021f   Thumb Code     0  __rtentry2.o(.ARM.Collect$$rtentry$$00000002)
    __rt_entry_sh                            0x0800021f   Thumb Code     0  __rtentry4.o(.ARM.Collect$$rtentry$$00000004)
    __rt_entry_li                            0x08000225   Thumb Code     0  __rtentry2.o(.ARM.Collect$$rtentry$$0000000A)
    __rt_entry_postsh_1                      0x08000225   Thumb Code     0  __rtentry2.o(.ARM.Collect$$rtentry$$00000009)
    __rt_entry_main                          0x08000229   Thumb Code     0  __rtentry2.o(.ARM.Collect$$rtentry$$0000000D)
    __rt_entry_postli_1                      0x08000229   Thumb Code     0  __rtentry2.o(.ARM.Collect$$rtentry$$0000000C)
    __rt_exit                                0x08000231   Thumb Code     0  rtexit.o(.ARM.Collect$$rtexit$$00000000)
    __rt_exit_ls                             0x08000233   Thumb Code     0  rtexit2.o(.ARM.Collect$$rtexit$$00000003)
    __rt_exit_prels_1                        0x08000233   Thumb Code     0  rtexit2.o(.ARM.Collect$$rtexit$$00000002)
    __rt_exit_exit                           0x08000237   Thumb Code     0  rtexit2.o(.ARM.Collect$$rtexit$$00000004)
    SVC_Handler                              0x0800023d   Thumb Code    28  port.o(.emb_text)
    __asm___6_port_c_39a90d8d__prvStartFirstTask 0x0800025d   Thumb Code    28  port.o(.emb_text)
    __asm___6_port_c_39a90d8d__prvEnableVFP  0x0800027d   Thumb Code    16  port.o(.emb_text)
    PendSV_Handler                           0x08000291   Thumb Code    88  port.o(.emb_text)
    vPortGetIPSR                             0x080002ed   Thumb Code     6  port.o(.emb_text)
    Reset_Handler                            0x08000315   Thumb Code     8  startup_stm32l431xx.o(.text)
    _maybe_terminate_alloc                   0x08000315   Thumb Code     0  maybetermalloc1.o(.emb_text)
    ADC1_IRQHandler                          0x0800032f   Thumb Code     0  startup_stm32l431xx.o(.text)
    CAN1_RX0_IRQHandler                      0x0800032f   Thumb Code     0  startup_stm32l431xx.o(.text)
    CAN1_RX1_IRQHandler                      0x0800032f   Thumb Code     0  startup_stm32l431xx.o(.text)
    CAN1_SCE_IRQHandler                      0x0800032f   Thumb Code     0  startup_stm32l431xx.o(.text)
    CAN1_TX_IRQHandler                       0x0800032f   Thumb Code     0  startup_stm32l431xx.o(.text)
    COMP_IRQHandler                          0x0800032f   Thumb Code     0  startup_stm32l431xx.o(.text)
    CRS_IRQHandler                           0x0800032f   Thumb Code     0  startup_stm32l431xx.o(.text)
    DMA1_Channel1_IRQHandler                 0x0800032f   Thumb Code     0  startup_stm32l431xx.o(.text)
    DMA1_Channel2_IRQHandler                 0x0800032f   Thumb Code     0  startup_stm32l431xx.o(.text)
    DMA1_Channel3_IRQHandler                 0x0800032f   Thumb Code     0  startup_stm32l431xx.o(.text)
    DMA1_Channel4_IRQHandler                 0x0800032f   Thumb Code     0  startup_stm32l431xx.o(.text)
    DMA1_Channel5_IRQHandler                 0x0800032f   Thumb Code     0  startup_stm32l431xx.o(.text)
    DMA1_Channel6_IRQHandler                 0x0800032f   Thumb Code     0  startup_stm32l431xx.o(.text)
    DMA1_Channel7_IRQHandler                 0x0800032f   Thumb Code     0  startup_stm32l431xx.o(.text)
    DMA2_Channel1_IRQHandler                 0x0800032f   Thumb Code     0  startup_stm32l431xx.o(.text)
    DMA2_Channel2_IRQHandler                 0x0800032f   Thumb Code     0  startup_stm32l431xx.o(.text)
    DMA2_Channel3_IRQHandler                 0x0800032f   Thumb Code     0  startup_stm32l431xx.o(.text)
    DMA2_Channel4_IRQHandler                 0x0800032f   Thumb Code     0  startup_stm32l431xx.o(.text)
    DMA2_Channel5_IRQHandler                 0x0800032f   Thumb Code     0  startup_stm32l431xx.o(.text)
    DMA2_Channel6_IRQHandler                 0x0800032f   Thumb Code     0  startup_stm32l431xx.o(.text)
    DMA2_Channel7_IRQHandler                 0x0800032f   Thumb Code     0  startup_stm32l431xx.o(.text)
    EXTI0_IRQHandler                         0x0800032f   Thumb Code     0  startup_stm32l431xx.o(.text)
    EXTI15_10_IRQHandler                     0x0800032f   Thumb Code     0  startup_stm32l431xx.o(.text)
    EXTI1_IRQHandler                         0x0800032f   Thumb Code     0  startup_stm32l431xx.o(.text)
    EXTI2_IRQHandler                         0x0800032f   Thumb Code     0  startup_stm32l431xx.o(.text)
    EXTI3_IRQHandler                         0x0800032f   Thumb Code     0  startup_stm32l431xx.o(.text)
    EXTI4_IRQHandler                         0x0800032f   Thumb Code     0  startup_stm32l431xx.o(.text)
    EXTI9_5_IRQHandler                       0x0800032f   Thumb Code     0  startup_stm32l431xx.o(.text)
    FLASH_IRQHandler                         0x0800032f   Thumb Code     0  startup_stm32l431xx.o(.text)
    FPU_IRQHandler                           0x0800032f   Thumb Code     0  startup_stm32l431xx.o(.text)
    I2C1_ER_IRQHandler                       0x0800032f   Thumb Code     0  startup_stm32l431xx.o(.text)
    I2C1_EV_IRQHandler                       0x0800032f   Thumb Code     0  startup_stm32l431xx.o(.text)
    I2C2_ER_IRQHandler                       0x0800032f   Thumb Code     0  startup_stm32l431xx.o(.text)
    I2C2_EV_IRQHandler                       0x0800032f   Thumb Code     0  startup_stm32l431xx.o(.text)
    I2C3_ER_IRQHandler                       0x0800032f   Thumb Code     0  startup_stm32l431xx.o(.text)
    I2C3_EV_IRQHandler                       0x0800032f   Thumb Code     0  startup_stm32l431xx.o(.text)
    LPTIM1_IRQHandler                        0x0800032f   Thumb Code     0  startup_stm32l431xx.o(.text)
    LPTIM2_IRQHandler                        0x0800032f   Thumb Code     0  startup_stm32l431xx.o(.text)
    LPUART1_IRQHandler                       0x0800032f   Thumb Code     0  startup_stm32l431xx.o(.text)
    PVD_PVM_IRQHandler                       0x0800032f   Thumb Code     0  startup_stm32l431xx.o(.text)
    QUADSPI_IRQHandler                       0x0800032f   Thumb Code     0  startup_stm32l431xx.o(.text)
    RCC_IRQHandler                           0x0800032f   Thumb Code     0  startup_stm32l431xx.o(.text)
    RNG_IRQHandler                           0x0800032f   Thumb Code     0  startup_stm32l431xx.o(.text)
    RTC_Alarm_IRQHandler                     0x0800032f   Thumb Code     0  startup_stm32l431xx.o(.text)
    RTC_WKUP_IRQHandler                      0x0800032f   Thumb Code     0  startup_stm32l431xx.o(.text)
    SAI1_IRQHandler                          0x0800032f   Thumb Code     0  startup_stm32l431xx.o(.text)
    SDMMC1_IRQHandler                        0x0800032f   Thumb Code     0  startup_stm32l431xx.o(.text)
    SPI1_IRQHandler                          0x0800032f   Thumb Code     0  startup_stm32l431xx.o(.text)
    SPI2_IRQHandler                          0x0800032f   Thumb Code     0  startup_stm32l431xx.o(.text)
    SPI3_IRQHandler                          0x0800032f   Thumb Code     0  startup_stm32l431xx.o(.text)
    SWPMI1_IRQHandler                        0x0800032f   Thumb Code     0  startup_stm32l431xx.o(.text)
    TAMP_STAMP_IRQHandler                    0x0800032f   Thumb Code     0  startup_stm32l431xx.o(.text)
    TIM1_BRK_TIM15_IRQHandler                0x0800032f   Thumb Code     0  startup_stm32l431xx.o(.text)
    TIM1_CC_IRQHandler                       0x0800032f   Thumb Code     0  startup_stm32l431xx.o(.text)
    TIM1_TRG_COM_IRQHandler                  0x0800032f   Thumb Code     0  startup_stm32l431xx.o(.text)
    TIM1_UP_TIM16_IRQHandler                 0x0800032f   Thumb Code     0  startup_stm32l431xx.o(.text)
    TIM2_IRQHandler                          0x0800032f   Thumb Code     0  startup_stm32l431xx.o(.text)
    TIM7_IRQHandler                          0x0800032f   Thumb Code     0  startup_stm32l431xx.o(.text)
    TSC_IRQHandler                           0x0800032f   Thumb Code     0  startup_stm32l431xx.o(.text)
    USART1_IRQHandler                        0x0800032f   Thumb Code     0  startup_stm32l431xx.o(.text)
    USART2_IRQHandler                        0x0800032f   Thumb Code     0  startup_stm32l431xx.o(.text)
    USART3_IRQHandler                        0x0800032f   Thumb Code     0  startup_stm32l431xx.o(.text)
    WWDG_IRQHandler                          0x0800032f   Thumb Code     0  startup_stm32l431xx.o(.text)
    __user_initial_stackheap                 0x08000331   Thumb Code     0  startup_stm32l431xx.o(.text)
    calloc                                   0x08000355   Thumb Code    40  calloc.o(.text)
    __aeabi_uldivmod                         0x0800037d   Thumb Code     0  lludivv7m.o(.text)
    _ll_udiv                                 0x0800037d   Thumb Code   238  lludivv7m.o(.text)
    __2printf                                0x0800046d   Thumb Code    20  noretval__2printf.o(.text)
    __printf                                 0x08000485   Thumb Code   104  __printf.o(.text)
    _printf_int_dec                          0x080004ed   Thumb Code   104  _printf_dec.o(.text)
    __aeabi_memcpy                           0x08000565   Thumb Code     0  rt_memcpy_v6.o(.text)
    __rt_memcpy                              0x08000565   Thumb Code   138  rt_memcpy_v6.o(.text)
    _memcpy_lastbytes                        0x080005cb   Thumb Code     0  rt_memcpy_v6.o(.text)
    __aeabi_memset                           0x080005ef   Thumb Code    16  aeabi_memset.o(.text)
    __use_two_region_memory                  0x080005ff   Thumb Code     2  heapauxi.o(.text)
    __rt_heap_escrow                         0x08000601   Thumb Code     2  heapauxi.o(.text)
    __rt_heap_expand                         0x08000603   Thumb Code     2  heapauxi.o(.text)
    malloc                                   0x08000605   Thumb Code    94  h1_alloc.o(.text)
    _printf_int_common                       0x08000663   Thumb Code   178  _printf_intcommon.o(.text)
    _printf_char_file                        0x08000715   Thumb Code    32  _printf_char_file.o(.text)
    __aeabi_memcpy4                          0x08000739   Thumb Code     0  rt_memcpy_w.o(.text)
    __aeabi_memcpy8                          0x08000739   Thumb Code     0  rt_memcpy_w.o(.text)
    __rt_memcpy_w                            0x08000739   Thumb Code   100  rt_memcpy_w.o(.text)
    _memcpy_lastbytes_aligned                0x08000781   Thumb Code     0  rt_memcpy_w.o(.text)
    __aeabi_memclr                           0x0800079d   Thumb Code     0  rt_memclr.o(.text)
    __rt_memclr                              0x0800079d   Thumb Code    68  rt_memclr.o(.text)
    _memset                                  0x080007a1   Thumb Code     0  rt_memclr.o(.text)
    __rt_heap_descriptor                     0x080007e1   Thumb Code     8  rt_heap_descriptor_intlibspace.o(.text)
    __use_no_heap                            0x080007e9   Thumb Code     2  hguard.o(.text)
    __heap$guard                             0x080007eb   Thumb Code     2  hguard.o(.text)
    _terminate_user_alloc                    0x080007ed   Thumb Code     2  init_alloc.o(.text)
    _init_user_alloc                         0x080007ef   Thumb Code     2  init_alloc.o(.text)
    __Heap_Full                              0x080007f1   Thumb Code    34  init_alloc.o(.text)
    __Heap_Broken                            0x08000813   Thumb Code     6  init_alloc.o(.text)
    _init_alloc                              0x08000819   Thumb Code    94  init_alloc.o(.text)
    __Heap_Initialize                        0x08000877   Thumb Code    10  h1_init.o(.text)
    __Heap_DescSize                          0x08000881   Thumb Code     4  h1_init.o(.text)
    free                                     0x08000885   Thumb Code    78  h1_free.o(.text)
    _printf_char_common                      0x080008df   Thumb Code    32  _printf_char_common.o(.text)
    ferror                                   0x08000905   Thumb Code     8  ferror.o(.text)
    __aeabi_memclr4                          0x0800090d   Thumb Code     0  rt_memclr_w.o(.text)
    __aeabi_memclr8                          0x0800090d   Thumb Code     0  rt_memclr_w.o(.text)
    __rt_memclr_w                            0x0800090d   Thumb Code    78  rt_memclr_w.o(.text)
    _memset_w                                0x08000911   Thumb Code     0  rt_memclr_w.o(.text)
    __user_libspace                          0x0800095d   Thumb Code     8  libspace.o(.text)
    __user_perproc_libspace                  0x0800095d   Thumb Code     0  libspace.o(.text)
    __user_perthread_libspace                0x0800095d   Thumb Code     0  libspace.o(.text)
    __user_setup_stackheap                   0x08000965   Thumb Code    74  sys_stackheap_outer.o(.text)
    __Heap_ProvideMemory                     0x080009af   Thumb Code    52  h1_extend.o(.text)
    exit                                     0x080009e3   Thumb Code    18  exit.o(.text)
    __rt_SIGRTMEM                            0x080009f5   Thumb Code    14  defsig_rtmem_outer.o(.text)
    __I$use$semihosting                      0x08000a03   Thumb Code     0  use_no_semi.o(.text)
    __use_no_semihosting_swi                 0x08000a03   Thumb Code     2  use_no_semi.o(.text)
    __semihosting_library_function           0x08000a05   Thumb Code     0  indicate_semi.o(.text)
    __sig_exit                               0x08000a05   Thumb Code    10  defsig_exit.o(.text)
    __rt_SIGRTMEM_inner                      0x08000a11   Thumb Code    22  defsig_rtmem_inner.o(.text)
    __default_signal_display                 0x08000a61   Thumb Code    50  defsig_general.o(.text)
    _ttywrch                                 0x08000a93   Thumb Code    14  sys_wrch.o(.text)
    BusFault_Handler                         0x08000aa1   Thumb Code     4  stm32l4xx_it.o(i.BusFault_Handler)
    DebugMon_Handler                         0x08000aa5   Thumb Code     2  stm32l4xx_it.o(i.DebugMon_Handler)
    HAL_GPIO_Init                            0x08000aa9   Thumb Code   428  stm32l4xx_hal_gpio.o(i.HAL_GPIO_Init)
    HAL_GetTick                              0x08000c71   Thumb Code     6  stm32l4xx_hal.o(i.HAL_GetTick)
    HAL_IncTick                              0x08000c7d   Thumb Code    12  stm32l4xx_hal.o(i.HAL_IncTick)
    HAL_Init                                 0x08000c8d   Thumb Code    30  stm32l4xx_hal.o(i.HAL_Init)
    HAL_InitTick                             0x08000cad   Thumb Code   132  stm32l4xx_hal_timebase_tim_template.o(i.HAL_InitTick)
    HAL_MspInit                              0x08000d41   Thumb Code     2  stm32l4xx_hal_msp.o(i.HAL_MspInit)
    HAL_NVIC_EnableIRQ                       0x08000d43   Thumb Code    26  stm32l4xx_hal_cortex.o(i.HAL_NVIC_EnableIRQ)
    HAL_NVIC_SetPriority                     0x08000d5d   Thumb Code   124  stm32l4xx_hal_cortex.o(i.HAL_NVIC_SetPriority)
    HAL_NVIC_SetPriorityGrouping             0x08000de1   Thumb Code    32  stm32l4xx_hal_cortex.o(i.HAL_NVIC_SetPriorityGrouping)
    HAL_PWREx_GetVoltageRange                0x08000e09   Thumb Code    10  stm32l4xx_hal_pwr_ex.o(i.HAL_PWREx_GetVoltageRange)
    HAL_RCC_ClockConfig                      0x08000e19   Thumb Code   358  stm32l4xx_hal_rcc.o(i.HAL_RCC_ClockConfig)
    HAL_RCC_GetClockConfig                   0x08000f91   Thumb Code    58  stm32l4xx_hal_rcc.o(i.HAL_RCC_GetClockConfig)
    HAL_RCC_GetHCLKFreq                      0x08000fd5   Thumb Code     6  stm32l4xx_hal_rcc.o(i.HAL_RCC_GetHCLKFreq)
    HAL_RCC_GetPCLK1Freq                     0x08000fe1   Thumb Code    26  stm32l4xx_hal_rcc.o(i.HAL_RCC_GetPCLK1Freq)
    HAL_RCC_GetPCLK2Freq                     0x08001005   Thumb Code    26  stm32l4xx_hal_rcc.o(i.HAL_RCC_GetPCLK2Freq)
    HAL_RCC_GetSysClockFreq                  0x08001029   Thumb Code   266  stm32l4xx_hal_rcc.o(i.HAL_RCC_GetSysClockFreq)
    HAL_RCC_OscConfig                        0x08001145   Thumb Code  1660  stm32l4xx_hal_rcc.o(i.HAL_RCC_OscConfig)
    HAL_TIMEx_Break2Callback                 0x080017cd   Thumb Code     2  stm32l4xx_hal_tim_ex.o(i.HAL_TIMEx_Break2Callback)
    HAL_TIMEx_BreakCallback                  0x080017cf   Thumb Code     2  stm32l4xx_hal_tim_ex.o(i.HAL_TIMEx_BreakCallback)
    HAL_TIMEx_CommutationCallback            0x080017d1   Thumb Code     2  stm32l4xx_hal_tim_ex.o(i.HAL_TIMEx_CommutationCallback)
    HAL_TIM_Base_Init                        0x080017d3   Thumb Code    52  stm32l4xx_hal_tim.o(i.HAL_TIM_Base_Init)
    HAL_TIM_Base_MspInit                     0x08001807   Thumb Code     2  stm32l4xx_hal_tim.o(i.HAL_TIM_Base_MspInit)
    HAL_TIM_Base_Start_IT                    0x08001809   Thumb Code    62  stm32l4xx_hal_tim.o(i.HAL_TIM_Base_Start_IT)
    HAL_TIM_IC_CaptureCallback               0x0800184d   Thumb Code     2  stm32l4xx_hal_tim.o(i.HAL_TIM_IC_CaptureCallback)
    HAL_TIM_IRQHandler                       0x0800184f   Thumb Code   440  stm32l4xx_hal_tim.o(i.HAL_TIM_IRQHandler)
    HAL_TIM_OC_DelayElapsedCallback          0x08001a07   Thumb Code     2  stm32l4xx_hal_tim.o(i.HAL_TIM_OC_DelayElapsedCallback)
    HAL_TIM_PWM_PulseFinishedCallback        0x08001a09   Thumb Code     2  stm32l4xx_hal_tim.o(i.HAL_TIM_PWM_PulseFinishedCallback)
    HAL_TIM_PeriodElapsedCallback            0x08001a0b   Thumb Code    10  stm32l4xx_hal_timebase_tim_template.o(i.HAL_TIM_PeriodElapsedCallback)
    HAL_TIM_TriggerCallback                  0x08001a15   Thumb Code     2  stm32l4xx_hal_tim.o(i.HAL_TIM_TriggerCallback)
    HAL_UART_Init                            0x08001a17   Thumb Code   120  stm32l4xx_hal_uart.o(i.HAL_UART_Init)
    HAL_UART_MspInit                         0x08001a91   Thumb Code   112  usart_1.o(i.HAL_UART_MspInit)
    HardFault_Handler                        0x08001b0d   Thumb Code     4  stm32l4xx_it.o(i.HardFault_Handler)
    MemManage_Handler                        0x08001b11   Thumb Code     4  stm32l4xx_it.o(i.MemManage_Handler)
    NMI_Handler                              0x08001b15   Thumb Code     2  stm32l4xx_it.o(i.NMI_Handler)
    SysTick_Handler                          0x08001bed   Thumb Code    46  port.o(i.SysTick_Handler)
    SystemInit                               0x08001c7d   Thumb Code    68  system_stm32l4xx.o(i.SystemInit)
    TIM6_DAC_IRQHandler                      0x08001ccd   Thumb Code    10  stm32l4xx_hal_timebase_tim_template.o(i.TIM6_DAC_IRQHandler)
    TIM_Base_SetConfig                       0x08001cdd   Thumb Code   104  stm32l4xx_hal_tim.o(i.TIM_Base_SetConfig)
    UART_AdvFeatureConfig                    0x08001d51   Thumb Code   248  stm32l4xx_hal_uart.o(i.UART_AdvFeatureConfig)
    UART_CheckIdleState                      0x08001e49   Thumb Code   116  stm32l4xx_hal_uart.o(i.UART_CheckIdleState)
    UART_SetConfig                           0x08001ebd   Thumb Code  1000  stm32l4xx_hal_uart.o(i.UART_SetConfig)
    UART_WaitOnFlagUntilTimeout              0x080022cf   Thumb Code   108  stm32l4xx_hal_uart.o(i.UART_WaitOnFlagUntilTimeout)
    UsageFault_Handler                       0x0800233b   Thumb Code     4  stm32l4xx_it.o(i.UsageFault_Handler)
    _sys_exit                                0x0800233f   Thumb Code     4  usart_1.o(i._sys_exit)
    app_controll_create                      0x08002379   Thumb Code    24  app.o(i.app_controll_create)
    delay_s                                  0x08002431   Thumb Code    22  sleep.o(i.delay_s)
    deviceManager_init                       0x0800244d   Thumb Code    44  devicemanager.o(i.deviceManager_init)
    driver_service_create                    0x08002511   Thumb Code    30  driver.o(i.driver_service_create)
    fputc                                    0x080025d9   Thumb Code    24  usart_1.o(i.fputc)
    main                                     0x080025f9   Thumb Code   204  main.o(i.main)
    notifyService                            0x080026e5   Thumb Code    52  devicemanager.o(i.notifyService)
    pvPortMalloc                             0x08002d11   Thumb Code   296  heap_4.o(i.pvPortMalloc)
    pvTaskIncrementMutexHeldCount            0x08002e4d   Thumb Code    26  tasks.o(i.pvTaskIncrementMutexHeldCount)
    pxPortInitialiseStack                    0x08002e6d   Thumb Code    38  port.o(i.pxPortInitialiseStack)
    task_task                                0x08002edd   Thumb Code    66  driver.o(i.task_task)
    usart1_init                              0x08002f49   Thumb Code    36  usart_1.o(i.usart1_init)
    uxListRemove                             0x08002f75   Thumb Code    40  list.o(i.uxListRemove)
    vListInitialise                          0x08002f9d   Thumb Code    26  list.o(i.vListInitialise)
    vListInitialiseItem                      0x08002fb7   Thumb Code     6  list.o(i.vListInitialiseItem)
    vListInsert                              0x08002fbd   Thumb Code    52  list.o(i.vListInsert)
    vListInsertEnd                           0x08002ff1   Thumb Code    24  list.o(i.vListInsertEnd)
    vPortEnterCritical                       0x08003009   Thumb Code    76  port.o(i.vPortEnterCritical)
    vPortExitCritical                        0x0800305d   Thumb Code    56  port.o(i.vPortExitCritical)
    vPortFree                                0x08003099   Thumb Code   140  heap_4.o(i.vPortFree)
    vPortSetupTimerInterrupt                 0x0800312d   Thumb Code    26  port.o(i.vPortSetupTimerInterrupt)
    vTaskDelay                               0x0800314d   Thumb Code    82  tasks.o(i.vTaskDelay)
    vTaskMissedYield                         0x080031a9   Thumb Code     8  tasks.o(i.vTaskMissedYield)
    vTaskPlaceOnEventList                    0x080031b5   Thumb Code    52  tasks.o(i.vTaskPlaceOnEventList)
    vTaskPriorityInherit                     0x080031ed   Thumb Code   164  tasks.o(i.vTaskPriorityInherit)
    vTaskSetTimeOutState                     0x0800329d   Thumb Code    38  tasks.o(i.vTaskSetTimeOutState)
    vTaskStartScheduler                      0x080032cd   Thumb Code   108  tasks.o(i.vTaskStartScheduler)
    vTaskSuspendAll                          0x08003355   Thumb Code    12  tasks.o(i.vTaskSuspendAll)
    vTaskSwitchContext                       0x08003365   Thumb Code   118  tasks.o(i.vTaskSwitchContext)
    xPortStartScheduler                      0x080033f1   Thumb Code   288  port.o(i.xPortStartScheduler)
    xQueueGenericCreate                      0x0800352d   Thumb Code    88  queue.o(i.xQueueGenericCreate)
    xQueueGenericReceive                     0x08003585   Thumb Code   446  queue.o(i.xQueueGenericReceive)
    xQueueGenericReset                       0x08003749   Thumb Code   146  queue.o(i.xQueueGenericReset)
    xQueueGenericSend                        0x080037e1   Thumb Code   420  queue.o(i.xQueueGenericSend)
    xTaskCheckForTimeOut                     0x08003989   Thumb Code   132  tasks.o(i.xTaskCheckForTimeOut)
    xTaskCreate                              0x08003a15   Thumb Code    96  tasks.o(i.xTaskCreate)
    xTaskGetSchedulerState                   0x08003a7d   Thumb Code    24  tasks.o(i.xTaskGetSchedulerState)
    xTaskIncrementTick                       0x08003a9d   Thumb Code   282  tasks.o(i.xTaskIncrementTick)
    xTaskPriorityDisinherit                  0x08003be5   Thumb Code   188  tasks.o(i.xTaskPriorityDisinherit)
    xTaskRemoveFromEventList                 0x08003cad   Thumb Code   128  tasks.o(i.xTaskRemoveFromEventList)
    xTaskResumeAll                           0x08003d45   Thumb Code   224  tasks.o(i.xTaskResumeAll)
    _fp_init                                 0x08003e49   Thumb Code    10  fpinit.o(x$fpl$fpinit)
    __fplib_config_fpu_vfp                   0x08003e51   Thumb Code     0  fpinit.o(x$fpl$fpinit)
    __fplib_config_pureend_doubles           0x08003e51   Thumb Code     0  fpinit.o(x$fpl$fpinit)
    AHBPrescTable                            0x08003e54   Data          16  system_stm32l4xx.o(.constdata)
    APBPrescTable                            0x08003e64   Data           8  system_stm32l4xx.o(.constdata)
    MSIRangeTable                            0x08003e6c   Data          48  system_stm32l4xx.o(.constdata)
    Region$$Table$$Base                      0x08003e9c   Number         0  anon$$obj.o(Region$$Table)
    Region$$Table$$Limit                     0x08003ebc   Number         0  anon$$obj.o(Region$$Table)
    SystemCoreClock                          0x20000000   Data           4  system_stm32l4xx.o(.data)
    uwTick                                   0x20000004   Data           4  stm32l4xx_hal.o(.data)
    __stdout                                 0x20000008   Data           4  usart_1.o(.data)
    pxCurrentTCB                             0x2000000c   Data           4  tasks.o(.data)
    TimHandle                                0x20000074   Data          64  stm32l4xx_hal_timebase_tim_template.o(.bss)
    __libspace_start                         0x20003e1c   Data          96  libspace.o(.bss)
    __temporary_stack_top$libspace           0x20003e7c   Data           0  libspace.o(.bss)



==============================================================================

Memory Map of the image

  Image Entry point : 0x0800018d

  Load Region LR_IROM1 (Base: 0x08000000, Size: 0x00003f30, Max: 0x00040000, ABSOLUTE)

    Execution Region ER_IROM1 (Base: 0x08000000, Size: 0x00003ebc, Max: 0x00040000, ABSOLUTE)

    Base Addr    Size         Type   Attr      Idx    E Section Name        Object

    0x08000000   0x0000018c   Data   RO          707    RESET               startup_stm32l431xx.o
    0x0800018c   0x00000008   Code   RO        10148  * !!!main             c_w.l(__main.o)
    0x08000194   0x00000034   Code   RO        10438    !!!scatter          c_w.l(__scatter.o)
    0x080001c8   0x0000001a   Code   RO        10440    !!handler_copy      c_w.l(__scatter_copy.o)
    0x080001e2   0x00000002   PAD
    0x080001e4   0x0000001c   Code   RO        10442    !!handler_zi        c_w.l(__scatter_zi.o)
    0x08000200   0x00000000   Code   RO        10141    .ARM.Collect$$_printf_percent$$00000000  c_w.l(_printf_percent.o)
    0x08000200   0x00000006   Code   RO        10140    .ARM.Collect$$_printf_percent$$00000009  c_w.l(_printf_d.o)
    0x08000206   0x00000004   Code   RO        10215    .ARM.Collect$$_printf_percent$$00000017  c_w.l(_printf_percent_end.o)
    0x0800020a   0x00000002   Code   RO        10362    .ARM.Collect$$libinit$$00000000  c_w.l(libinit.o)
    0x0800020c   0x00000004   Code   RO        10280    .ARM.Collect$$libinit$$00000001  c_w.l(libinit2.o)
    0x08000210   0x00000000   Code   RO        10283    .ARM.Collect$$libinit$$00000004  c_w.l(libinit2.o)
    0x08000210   0x00000008   Code   RO        10284    .ARM.Collect$$libinit$$00000005  c_w.l(libinit2.o)
    0x08000218   0x00000000   Code   RO        10286    .ARM.Collect$$libinit$$0000000A  c_w.l(libinit2.o)
    0x08000218   0x00000000   Code   RO        10288    .ARM.Collect$$libinit$$0000000C  c_w.l(libinit2.o)
    0x08000218   0x00000000   Code   RO        10290    .ARM.Collect$$libinit$$0000000E  c_w.l(libinit2.o)
    0x08000218   0x00000000   Code   RO        10293    .ARM.Collect$$libinit$$00000011  c_w.l(libinit2.o)
    0x08000218   0x00000000   Code   RO        10295    .ARM.Collect$$libinit$$00000013  c_w.l(libinit2.o)
    0x08000218   0x00000000   Code   RO        10297    .ARM.Collect$$libinit$$00000015  c_w.l(libinit2.o)
    0x08000218   0x00000000   Code   RO        10299    .ARM.Collect$$libinit$$00000017  c_w.l(libinit2.o)
    0x08000218   0x00000000   Code   RO        10301    .ARM.Collect$$libinit$$00000019  c_w.l(libinit2.o)
    0x08000218   0x00000000   Code   RO        10303    .ARM.Collect$$libinit$$0000001B  c_w.l(libinit2.o)
    0x08000218   0x00000000   Code   RO        10305    .ARM.Collect$$libinit$$0000001D  c_w.l(libinit2.o)
    0x08000218   0x00000000   Code   RO        10307    .ARM.Collect$$libinit$$0000001F  c_w.l(libinit2.o)
    0x08000218   0x00000000   Code   RO        10309    .ARM.Collect$$libinit$$00000021  c_w.l(libinit2.o)
    0x08000218   0x00000000   Code   RO        10311    .ARM.Collect$$libinit$$00000023  c_w.l(libinit2.o)
    0x08000218   0x00000000   Code   RO        10313    .ARM.Collect$$libinit$$00000025  c_w.l(libinit2.o)
    0x08000218   0x00000000   Code   RO        10317    .ARM.Collect$$libinit$$0000002C  c_w.l(libinit2.o)
    0x08000218   0x00000000   Code   RO        10319    .ARM.Collect$$libinit$$0000002E  c_w.l(libinit2.o)
    0x08000218   0x00000000   Code   RO        10321    .ARM.Collect$$libinit$$00000030  c_w.l(libinit2.o)
    0x08000218   0x00000000   Code   RO        10323    .ARM.Collect$$libinit$$00000032  c_w.l(libinit2.o)
    0x08000218   0x00000002   Code   RO        10324    .ARM.Collect$$libinit$$00000033  c_w.l(libinit2.o)
    0x0800021a   0x00000002   Code   RO        10421    .ARM.Collect$$libshutdown$$00000000  c_w.l(libshutdown.o)
    0x0800021c   0x00000000   Code   RO        10400    .ARM.Collect$$libshutdown$$00000002  c_w.l(libshutdown2.o)
    0x0800021c   0x00000000   Code   RO        10402    .ARM.Collect$$libshutdown$$00000004  c_w.l(libshutdown2.o)
    0x0800021c   0x00000000   Code   RO        10405    .ARM.Collect$$libshutdown$$00000007  c_w.l(libshutdown2.o)
    0x0800021c   0x00000000   Code   RO        10408    .ARM.Collect$$libshutdown$$0000000A  c_w.l(libshutdown2.o)
    0x0800021c   0x00000000   Code   RO        10410    .ARM.Collect$$libshutdown$$0000000C  c_w.l(libshutdown2.o)
    0x0800021c   0x00000000   Code   RO        10413    .ARM.Collect$$libshutdown$$0000000F  c_w.l(libshutdown2.o)
    0x0800021c   0x00000002   Code   RO        10414    .ARM.Collect$$libshutdown$$00000010  c_w.l(libshutdown2.o)
    0x0800021e   0x00000000   Code   RO        10150    .ARM.Collect$$rtentry$$00000000  c_w.l(__rtentry.o)
    0x0800021e   0x00000000   Code   RO        10223    .ARM.Collect$$rtentry$$00000002  c_w.l(__rtentry2.o)
    0x0800021e   0x00000006   Code   RO        10235    .ARM.Collect$$rtentry$$00000004  c_w.l(__rtentry4.o)
    0x08000224   0x00000000   Code   RO        10225    .ARM.Collect$$rtentry$$00000009  c_w.l(__rtentry2.o)
    0x08000224   0x00000004   Code   RO        10226    .ARM.Collect$$rtentry$$0000000A  c_w.l(__rtentry2.o)
    0x08000228   0x00000000   Code   RO        10228    .ARM.Collect$$rtentry$$0000000C  c_w.l(__rtentry2.o)
    0x08000228   0x00000008   Code   RO        10229    .ARM.Collect$$rtentry$$0000000D  c_w.l(__rtentry2.o)
    0x08000230   0x00000002   Code   RO        10368    .ARM.Collect$$rtexit$$00000000  c_w.l(rtexit.o)
    0x08000232   0x00000000   Code   RO        10385    .ARM.Collect$$rtexit$$00000002  c_w.l(rtexit2.o)
    0x08000232   0x00000004   Code   RO        10386    .ARM.Collect$$rtexit$$00000003  c_w.l(rtexit2.o)
    0x08000236   0x00000006   Code   RO        10387    .ARM.Collect$$rtexit$$00000004  c_w.l(rtexit2.o)
    0x0800023c   0x000000d6   Code   RO         9889    .emb_text           port.o
    0x08000312   0x00000002   PAD
    0x08000314   0x00000000   Code   RO        10334    .emb_text           c_w.l(maybetermalloc1.o)
    0x08000314   0x00000040   Code   RO          708    .text               startup_stm32l431xx.o
    0x08000354   0x00000028   Code   RO        10108    .text               c_w.l(calloc.o)
    0x0800037c   0x000000ee   Code   RO        10110    .text               c_w.l(lludivv7m.o)
    0x0800046a   0x00000002   PAD
    0x0800046c   0x00000018   Code   RO        10114    .text               c_w.l(noretval__2printf.o)
    0x08000484   0x00000068   Code   RO        10116    .text               c_w.l(__printf.o)
    0x080004ec   0x00000078   Code   RO        10118    .text               c_w.l(_printf_dec.o)
    0x08000564   0x0000008a   Code   RO        10142    .text               c_w.l(rt_memcpy_v6.o)
    0x080005ee   0x00000010   Code   RO        10144    .text               c_w.l(aeabi_memset.o)
    0x080005fe   0x00000006   Code   RO        10146    .text               c_w.l(heapauxi.o)
    0x08000604   0x0000005e   Code   RO        10157    .text               c_w.l(h1_alloc.o)
    0x08000662   0x000000b2   Code   RO        10211    .text               c_w.l(_printf_intcommon.o)
    0x08000714   0x00000024   Code   RO        10213    .text               c_w.l(_printf_char_file.o)
    0x08000738   0x00000064   Code   RO        10216    .text               c_w.l(rt_memcpy_w.o)
    0x0800079c   0x00000044   Code   RO        10218    .text               c_w.l(rt_memclr.o)
    0x080007e0   0x00000008   Code   RO        10242    .text               c_w.l(rt_heap_descriptor_intlibspace.o)
    0x080007e8   0x00000004   Code   RO        10244    .text               c_w.l(hguard.o)
    0x080007ec   0x0000008a   Code   RO        10246    .text               c_w.l(init_alloc.o)
    0x08000876   0x0000000e   Code   RO        10252    .text               c_w.l(h1_init.o)
    0x08000884   0x0000004e   Code   RO        10254    .text               c_w.l(h1_free.o)
    0x080008d2   0x00000002   PAD
    0x080008d4   0x00000030   Code   RO        10270    .text               c_w.l(_printf_char_common.o)
    0x08000904   0x00000008   Code   RO        10272    .text               c_w.l(ferror.o)
    0x0800090c   0x0000004e   Code   RO        10276    .text               c_w.l(rt_memclr_w.o)
    0x0800095a   0x00000002   PAD
    0x0800095c   0x00000008   Code   RO        10327    .text               c_w.l(libspace.o)
    0x08000964   0x0000004a   Code   RO        10330    .text               c_w.l(sys_stackheap_outer.o)
    0x080009ae   0x00000034   Code   RO        10336    .text               c_w.l(h1_extend.o)
    0x080009e2   0x00000012   Code   RO        10342    .text               c_w.l(exit.o)
    0x080009f4   0x0000000e   Code   RO        10348    .text               c_w.l(defsig_rtmem_outer.o)
    0x08000a02   0x00000002   Code   RO        10365    .text               c_w.l(use_no_semi.o)
    0x08000a04   0x00000000   Code   RO        10367    .text               c_w.l(indicate_semi.o)
    0x08000a04   0x0000000a   Code   RO        10374    .text               c_w.l(defsig_exit.o)
    0x08000a0e   0x00000002   PAD
    0x08000a10   0x00000050   Code   RO        10378    .text               c_w.l(defsig_rtmem_inner.o)
    0x08000a60   0x00000032   Code   RO        10397    .text               c_w.l(defsig_general.o)
    0x08000a92   0x0000000e   Code   RO        10415    .text               c_w.l(sys_wrch.o)
    0x08000aa0   0x00000004   Code   RO          523    i.BusFault_Handler  stm32l4xx_it.o
    0x08000aa4   0x00000002   Code   RO          524    i.DebugMon_Handler  stm32l4xx_it.o
    0x08000aa6   0x00000002   PAD
    0x08000aa8   0x000001c8   Code   RO         2779    i.HAL_GPIO_Init     stm32l4xx_hal_gpio.o
    0x08000c70   0x0000000c   Code   RO          726    i.HAL_GetTick       stm32l4xx_hal.o
    0x08000c7c   0x00000010   Code   RO          730    i.HAL_IncTick       stm32l4xx_hal.o
    0x08000c8c   0x0000001e   Code   RO          731    i.HAL_Init          stm32l4xx_hal.o
    0x08000caa   0x00000002   PAD
    0x08000cac   0x00000094   Code   RO         7886    i.HAL_InitTick      stm32l4xx_hal_timebase_tim_template.o
    0x08000d40   0x00000002   Code   RO          299    i.HAL_MspInit       stm32l4xx_hal_msp.o
    0x08000d42   0x0000001a   Code   RO         1735    i.HAL_NVIC_EnableIRQ  stm32l4xx_hal_cortex.o
    0x08000d5c   0x00000082   Code   RO         1741    i.HAL_NVIC_SetPriority  stm32l4xx_hal_cortex.o
    0x08000dde   0x00000002   PAD
    0x08000de0   0x00000028   Code   RO         1742    i.HAL_NVIC_SetPriorityGrouping  stm32l4xx_hal_cortex.o
    0x08000e08   0x00000010   Code   RO         4367    i.HAL_PWREx_GetVoltageRange  stm32l4xx_hal_pwr_ex.o
    0x08000e18   0x00000178   Code   RO         4792    i.HAL_RCC_ClockConfig  stm32l4xx_hal_rcc.o
    0x08000f90   0x00000044   Code   RO         4795    i.HAL_RCC_GetClockConfig  stm32l4xx_hal_rcc.o
    0x08000fd4   0x0000000c   Code   RO         4796    i.HAL_RCC_GetHCLKFreq  stm32l4xx_hal_rcc.o
    0x08000fe0   0x00000024   Code   RO         4798    i.HAL_RCC_GetPCLK1Freq  stm32l4xx_hal_rcc.o
    0x08001004   0x00000024   Code   RO         4799    i.HAL_RCC_GetPCLK2Freq  stm32l4xx_hal_rcc.o
    0x08001028   0x0000011c   Code   RO         4800    i.HAL_RCC_GetSysClockFreq  stm32l4xx_hal_rcc.o
    0x08001144   0x00000688   Code   RO         4803    i.HAL_RCC_OscConfig  stm32l4xx_hal_rcc.o
    0x080017cc   0x00000002   Code   RO         7629    i.HAL_TIMEx_Break2Callback  stm32l4xx_hal_tim_ex.o
    0x080017ce   0x00000002   Code   RO         7630    i.HAL_TIMEx_BreakCallback  stm32l4xx_hal_tim_ex.o
    0x080017d0   0x00000002   Code   RO         7631    i.HAL_TIMEx_CommutationCallback  stm32l4xx_hal_tim_ex.o
    0x080017d2   0x00000034   Code   RO         6979    i.HAL_TIM_Base_Init  stm32l4xx_hal_tim.o
    0x08001806   0x00000002   Code   RO         6981    i.HAL_TIM_Base_MspInit  stm32l4xx_hal_tim.o
    0x08001808   0x00000044   Code   RO         6984    i.HAL_TIM_Base_Start_IT  stm32l4xx_hal_tim.o
    0x0800184c   0x00000002   Code   RO         7008    i.HAL_TIM_IC_CaptureCallback  stm32l4xx_hal_tim.o
    0x0800184e   0x000001b8   Code   RO         7021    i.HAL_TIM_IRQHandler  stm32l4xx_hal_tim.o
    0x08001a06   0x00000002   Code   RO         7024    i.HAL_TIM_OC_DelayElapsedCallback  stm32l4xx_hal_tim.o
    0x08001a08   0x00000002   Code   RO         7051    i.HAL_TIM_PWM_PulseFinishedCallback  stm32l4xx_hal_tim.o
    0x08001a0a   0x0000000a   Code   RO         7889    i.HAL_TIM_PeriodElapsedCallback  stm32l4xx_hal_timebase_tim_template.o
    0x08001a14   0x00000002   Code   RO         7062    i.HAL_TIM_TriggerCallback  stm32l4xx_hal_tim.o
    0x08001a16   0x00000078   Code   RO         8088    i.HAL_UART_Init     stm32l4xx_hal_uart.o
    0x08001a8e   0x00000002   PAD
    0x08001a90   0x0000007c   Code   RO         9064    i.HAL_UART_MspInit  usart_1.o
    0x08001b0c   0x00000004   Code   RO          525    i.HardFault_Handler  stm32l4xx_it.o
    0x08001b10   0x00000004   Code   RO          526    i.MemManage_Handler  stm32l4xx_it.o
    0x08001b14   0x00000002   Code   RO          527    i.NMI_Handler       stm32l4xx_it.o
    0x08001b16   0x00000002   PAD
    0x08001b18   0x00000010   Code   RO         1748    i.NVIC_GetPriorityGrouping  stm32l4xx_hal_cortex.o
    0x08001b28   0x00000028   Code   RO         1749    i.NVIC_SetPriority  stm32l4xx_hal_cortex.o
    0x08001b50   0x0000009c   Code   RO         4804    i.RCC_SetFlashLatencyFromMSIRange  stm32l4xx_hal_rcc.o
    0x08001bec   0x00000034   Code   RO         9890    i.SysTick_Handler   port.o
    0x08001c20   0x0000005c   Code   RO            4    i.SystemClock_Config  main.o
    0x08001c7c   0x00000050   Code   RO          584    i.SystemInit        system_stm32l4xx.o
    0x08001ccc   0x00000010   Code   RO         7890    i.TIM6_DAC_IRQHandler  stm32l4xx_hal_timebase_tim_template.o
    0x08001cdc   0x00000074   Code   RO         7063    i.TIM_Base_SetConfig  stm32l4xx_hal_tim.o
    0x08001d50   0x000000f8   Code   RO         8101    i.UART_AdvFeatureConfig  stm32l4xx_hal_uart.o
    0x08001e48   0x00000074   Code   RO         8102    i.UART_CheckIdleState  stm32l4xx_hal_uart.o
    0x08001ebc   0x00000412   Code   RO         8118    i.UART_SetConfig    stm32l4xx_hal_uart.o
    0x080022ce   0x0000006c   Code   RO         8121    i.UART_WaitOnFlagUntilTimeout  stm32l4xx_hal_uart.o
    0x0800233a   0x00000004   Code   RO          528    i.UsageFault_Handler  stm32l4xx_it.o
    0x0800233e   0x00000004   Code   RO         9065    i._sys_exit         usart_1.o
    0x08002342   0x0000001a   Code   RO         9966    i.addControll       devicemanager.o
    0x0800235c   0x0000001a   Code   RO         9967    i.addService        devicemanager.o
    0x08002376   0x00000002   PAD
    0x08002378   0x00000020   Code   RO        10075    i.app_controll_create  app.o
    0x08002398   0x00000030   Code   RO        10076    i.controllActive    app.o
    0x080023c8   0x0000001c   Code   RO         9968    i.controllActiveList  devicemanager.o
    0x080023e4   0x00000030   Code   RO        10077    i.controllDeactive  app.o
    0x08002414   0x0000001c   Code   RO         9969    i.controllDeactiveList  devicemanager.o
    0x08002430   0x0000001c   Code   RO         9118    i.delay_s           sleep.o
    0x0800244c   0x00000048   Code   RO         9970    i.deviceManager_init  devicemanager.o
    0x08002494   0x0000007c   Code   RO        10024    i.driver_service_active  driver.o
    0x08002510   0x0000002c   Code   RO        10025    i.driver_service_create  driver.o
    0x0800253c   0x00000060   Code   RO        10026    i.driver_service_deactive  driver.o
    0x0800259c   0x0000003c   Code   RO        10027    i.driver_service_notified  driver.o
    0x080025d8   0x00000020   Code   RO         9066    i.fputc             usart_1.o
    0x080025f8   0x000000ec   Code   RO            5    i.main              main.o
    0x080026e4   0x0000003a   Code   RO         9971    i.notifyService     devicemanager.o
    0x0800271e   0x00000002   PAD
    0x08002720   0x00000098   Code   RO         9498    i.prvAddCurrentTaskToDelayedList  tasks.o
    0x080027b8   0x000000b8   Code   RO         9499    i.prvAddNewTaskToReadyList  tasks.o
    0x08002870   0x00000064   Code   RO         9500    i.prvCheckTasksWaitingTermination  tasks.o
    0x080028d4   0x0000002a   Code   RO         9306    i.prvCopyDataFromQueue  queue.o
    0x080028fe   0x0000007c   Code   RO         9307    i.prvCopyDataToQueue  queue.o
    0x0800297a   0x00000012   Code   RO         9501    i.prvDeleteTCB      tasks.o
    0x0800298c   0x0000007c   Code   RO         9828    i.prvHeapInit       heap_4.o
    0x08002a08   0x00000028   Code   RO         9502    i.prvIdleTask       tasks.o
    0x08002a30   0x0000002a   Code   RO         9309    i.prvInitialiseNewQueue  queue.o
    0x08002a5a   0x000000ba   Code   RO         9503    i.prvInitialiseNewTask  tasks.o
    0x08002b14   0x00000068   Code   RO         9504    i.prvInitialiseTaskLists  tasks.o
    0x08002b7c   0x00000068   Code   RO         9829    i.prvInsertBlockIntoFreeList  heap_4.o
    0x08002be4   0x0000001a   Code   RO         9310    i.prvIsQueueEmpty   queue.o
    0x08002bfe   0x0000001e   Code   RO         9311    i.prvIsQueueFull    queue.o
    0x08002c1c   0x00000034   Code   RO         9506    i.prvResetNextTaskUnblockTime  tasks.o
    0x08002c50   0x00000040   Code   RO         9891    i.prvTaskExitError  port.o
    0x08002c90   0x0000007e   Code   RO         9312    i.prvUnlockQueue    queue.o
    0x08002d0e   0x00000002   PAD
    0x08002d10   0x0000013c   Code   RO         9830    i.pvPortMalloc      heap_4.o
    0x08002e4c   0x00000020   Code   RO         9509    i.pvTaskIncrementMutexHeldCount  tasks.o
    0x08002e6c   0x0000002c   Code   RO         9892    i.pxPortInitialiseStack  port.o
    0x08002e98   0x0000001c   Code   RO         9972    i.serviceActiveList  devicemanager.o
    0x08002eb4   0x0000001c   Code   RO         9973    i.serviceDeactiveList  devicemanager.o
    0x08002ed0   0x0000000a   Code   RO         9120    i.sleep             sleep.o
    0x08002eda   0x00000002   PAD
    0x08002edc   0x0000006c   Code   RO        10028    i.task_task         driver.o
    0x08002f48   0x0000002c   Code   RO         9067    i.usart1_init       usart_1.o
    0x08002f74   0x00000028   Code   RO         9269    i.uxListRemove      list.o
    0x08002f9c   0x0000001a   Code   RO         9270    i.vListInitialise   list.o
    0x08002fb6   0x00000006   Code   RO         9271    i.vListInitialiseItem  list.o
    0x08002fbc   0x00000034   Code   RO         9272    i.vListInsert       list.o
    0x08002ff0   0x00000018   Code   RO         9273    i.vListInsertEnd    list.o
    0x08003008   0x00000054   Code   RO         9894    i.vPortEnterCritical  port.o
    0x0800305c   0x0000003c   Code   RO         9895    i.vPortExitCritical  port.o
    0x08003098   0x00000094   Code   RO         9831    i.vPortFree         heap_4.o
    0x0800312c   0x00000020   Code   RO         9896    i.vPortSetupTimerInterrupt  port.o
    0x0800314c   0x0000005c   Code   RO         9517    i.vTaskDelay        tasks.o
    0x080031a8   0x0000000c   Code   RO         9521    i.vTaskMissedYield  tasks.o
    0x080031b4   0x00000038   Code   RO         9523    i.vTaskPlaceOnEventList  tasks.o
    0x080031ec   0x000000b0   Code   RO         9525    i.vTaskPriorityInherit  tasks.o
    0x0800329c   0x00000030   Code   RO         9529    i.vTaskSetTimeOutState  tasks.o
    0x080032cc   0x00000088   Code   RO         9530    i.vTaskStartScheduler  tasks.o
    0x08003354   0x00000010   Code   RO         9532    i.vTaskSuspendAll   tasks.o
    0x08003364   0x0000008c   Code   RO         9533    i.vTaskSwitchContext  tasks.o
    0x080033f0   0x0000013c   Code   RO         9898    i.xPortStartScheduler  port.o
    0x0800352c   0x00000058   Code   RO         9324    i.xQueueGenericCreate  queue.o
    0x08003584   0x000001c4   Code   RO         9325    i.xQueueGenericReceive  queue.o
    0x08003748   0x00000098   Code   RO         9326    i.xQueueGenericReset  queue.o
    0x080037e0   0x000001a8   Code   RO         9327    i.xQueueGenericSend  queue.o
    0x08003988   0x0000008c   Code   RO         9534    i.xTaskCheckForTimeOut  tasks.o
    0x08003a14   0x00000066   Code   RO         9535    i.xTaskCreate       tasks.o
    0x08003a7a   0x00000002   PAD
    0x08003a7c   0x00000020   Code   RO         9539    i.xTaskGetSchedulerState  tasks.o
    0x08003a9c   0x00000148   Code   RO         9542    i.xTaskIncrementTick  tasks.o
    0x08003be4   0x000000c8   Code   RO         9545    i.xTaskPriorityDisinherit  tasks.o
    0x08003cac   0x00000098   Code   RO         9546    i.xTaskRemoveFromEventList  tasks.o
    0x08003d44   0x00000104   Code   RO         9548    i.xTaskResumeAll    tasks.o
    0x08003e48   0x0000000a   Code   RO        10363    x$fpl$fpinit        fz_wm.l(fpinit.o)
    0x08003e52   0x00000002   PAD
    0x08003e54   0x00000048   Data   RO          585    .constdata          system_stm32l4xx.o
    0x08003e9c   0x00000020   Data   RO        10436    Region$$Table       anon$$obj.o


    Execution Region RW_IRAM1 (Base: 0x20000000, Size: 0x00004480, Max: 0x0000c000, ABSOLUTE)

    Base Addr    Size         Type   Attr      Idx    E Section Name        Object

    0x20000000   0x00000004   Data   RW          586    .data               system_stm32l4xx.o
    0x20000004   0x00000004   Data   RW          747    .data               stm32l4xx_hal.o
    0x20000008   0x00000004   Data   RW         9069    .data               usart_1.o
    0x2000000c   0x0000003c   Data   RW         9551    .data               tasks.o
    0x20000048   0x00000018   Data   RW         9836    .data               heap_4.o
    0x20000060   0x0000000c   Data   RW         9899    .data               port.o
    0x2000006c   0x00000008   Data   RW        10029    .data               driver.o
    0x20000074   0x00000040   Zero   RW         7891    .bss                stm32l4xx_hal_timebase_tim_template.o
    0x200000b4   0x00000078   Zero   RW         9068    .bss                usart_1.o
    0x2000012c   0x000000f0   Zero   RW         9550    .bss                tasks.o
    0x2000021c   0x00003c00   Zero   RW         9835    .bss                heap_4.o
    0x20003e1c   0x00000060   Zero   RW        10328    .bss                c_w.l(libspace.o)
    0x20003e7c   0x00000004   PAD
    0x20003e80   0x00000200   Zero   RW          706    HEAP                startup_stm32l431xx.o
    0x20004080   0x00000400   Zero   RW          705    STACK               startup_stm32l431xx.o


==============================================================================

Image component sizes


      Code (inc. data)   RO Data    RW Data    ZI Data      Debug   Object Name

       128         80          0          0          0       1438   app.o
       294         28          0          0          0       4977   devicemanager.o
       432        210          0          8          0       3304   driver.o
         0          0          0          0          0       9328   event_groups.o
       692         62          0         24      15360       6747   heap_4.o
       148          0          0          0          0       3046   list.o
       328         32          0          0          0     629211   main.o
       866         78          0         12          0      10264   port.o
      1506         16          0          0          0      10146   queue.o
        38          6          0          0          0        938   sleep.o
        64         26        396          0       1536        804   startup_stm32l431xx.o
        58         10          0          4          0       2540   stm32l4xx_hal.o
       252         22          0          0          0      29694   stm32l4xx_hal_cortex.o
       456         28          0          0          0       1476   stm32l4xx_hal_gpio.o
         2          0          0          0          0     647066   stm32l4xx_hal_msp.o
        16          6          0          0          0        512   stm32l4xx_hal_pwr_ex.o
      2640        108          0          0          0       7341   stm32l4xx_hal_rcc.o
       686         18          0          0          0       5610   stm32l4xx_hal_tim.o
         6          0          0          0          0       1865   stm32l4xx_hal_tim_ex.o
       174         22          0          0         64       2597   stm32l4xx_hal_timebase_tim_template.o
      1634         36          0          0          0       4513   stm32l4xx_hal_uart.o
        20          0          0          0          0       2521   stm32l4xx_it.o
        80         12         72          4          0       1065   system_stm32l4xx.o
      2758        356          0         60        240      20227   tasks.o
       204         28          0          4        120       3823   usart_1.o

    ----------------------------------------------------------------------
     13504       1184        500        116      17320    1411053   Object Totals
         0          0         32          0          0          0   (incl. Generated)
        22          0          0          0          0          0   (incl. Padding)

    ----------------------------------------------------------------------

      Code (inc. data)   RO Data    RW Data    ZI Data      Debug   Library Member Name

         8          0          0          0          0         68   __main.o
       104          0          0          0          0         84   __printf.o
         0          0          0          0          0          0   __rtentry.o
        12          0          0          0          0          0   __rtentry2.o
         6          0          0          0          0          0   __rtentry4.o
        52          8          0          0          0          0   __scatter.o
        26          0          0          0          0          0   __scatter_copy.o
        28          0          0          0          0          0   __scatter_zi.o
        48          6          0          0          0         96   _printf_char_common.o
        36          4          0          0          0         80   _printf_char_file.o
         6          0          0          0          0          0   _printf_d.o
       120         16          0          0          0         92   _printf_dec.o
       178          0          0          0          0         88   _printf_intcommon.o
         0          0          0          0          0          0   _printf_percent.o
         4          0          0          0          0          0   _printf_percent_end.o
        16          0          0          0          0         68   aeabi_memset.o
        40          0          0          0          0         80   calloc.o
        10          0          0          0          0         68   defsig_exit.o
        50          0          0          0          0         88   defsig_general.o
        80         58          0          0          0         76   defsig_rtmem_inner.o
        14          0          0          0          0         80   defsig_rtmem_outer.o
        18          0          0          0          0         80   exit.o
         8          0          0          0          0         68   ferror.o
        94          0          0          0          0         80   h1_alloc.o
        52          0          0          0          0         68   h1_extend.o
        78          0          0          0          0         80   h1_free.o
        14          0          0          0          0         84   h1_init.o
         6          0          0          0          0        152   heapauxi.o
         4          0          0          0          0        136   hguard.o
         0          0          0          0          0          0   indicate_semi.o
       138          0          0          0          0        168   init_alloc.o
         2          0          0          0          0          0   libinit.o
        14          0          0          0          0          0   libinit2.o
         2          0          0          0          0          0   libshutdown.o
         2          0          0          0          0          0   libshutdown2.o
         8          4          0          0         96         68   libspace.o
       238          0          0          0          0        100   lludivv7m.o
         0          0          0          0          0          0   maybetermalloc1.o
        24          4          0          0          0         84   noretval__2printf.o
         8          4          0          0          0         68   rt_heap_descriptor_intlibspace.o
        68          0          0          0          0         68   rt_memclr.o
        78          0          0          0          0         80   rt_memclr_w.o
       138          0          0          0          0         68   rt_memcpy_v6.o
       100          0          0          0          0         80   rt_memcpy_w.o
         2          0          0          0          0          0   rtexit.o
        10          0          0          0          0          0   rtexit2.o
        74          0          0          0          0         80   sys_stackheap_outer.o
        14          0          0          0          0         76   sys_wrch.o
         2          0          0          0          0         68   use_no_semi.o
        10          0          0          0          0        116   fpinit.o

    ----------------------------------------------------------------------
      2056        104          0          0        100       2840   Library Totals
        12          0          0          0          4          0   (incl. Padding)

    ----------------------------------------------------------------------

      Code (inc. data)   RO Data    RW Data    ZI Data      Debug   Library Name

      2034        104          0          0         96       2724   c_w.l
        10          0          0          0          0        116   fz_wm.l

    ----------------------------------------------------------------------
      2056        104          0          0        100       2840   Library Totals

    ----------------------------------------------------------------------

==============================================================================


      Code (inc. data)   RO Data    RW Data    ZI Data      Debug   

     15560       1288        500        116      17420    1400885   Grand Totals
     15560       1288        500        116      17420    1400885   ELF Image Totals
     15560       1288        500        116          0          0   ROM Totals

==============================================================================

    Total RO  Size (Code + RO Data)                16060 (  15.68kB)
    Total RW  Size (RW Data + ZI Data)             17536 (  17.13kB)
    Total ROM Size (Code + RO Data + RW Data)      16176 (  15.80kB)

==============================================================================

